Archive member included to satisfy reference by file (symbol)

c:/users/lukas/source/tools/gcc-arm-none-eabi-10.3-2021.10-win32/bin/../lib/gcc/arm-none-eabi/10.3.1/../../../../arm-none-eabi/lib/thumb/v7e-m+fp/hard\libc_nano.a(lib_a-exit.o)
                              c:/users/lukas/source/tools/gcc-arm-none-eabi-10.3-2021.10-win32/bin/../lib/gcc/arm-none-eabi/10.3.1/../../../../arm-none-eabi/lib/thumb/v7e-m+fp/hard/crt0.o (exit)
c:/users/lukas/source/tools/gcc-arm-none-eabi-10.3-2021.10-win32/bin/../lib/gcc/arm-none-eabi/10.3.1/../../../../arm-none-eabi/lib/thumb/v7e-m+fp/hard\libc_nano.a(lib_a-impure.o)
                              c:/users/lukas/source/tools/gcc-arm-none-eabi-10.3-2021.10-win32/bin/../lib/gcc/arm-none-eabi/10.3.1/../../../../arm-none-eabi/lib/thumb/v7e-m+fp/hard\libc_nano.a(lib_a-exit.o) (_global_impure_ptr)
c:/users/lukas/source/tools/gcc-arm-none-eabi-10.3-2021.10-win32/bin/../lib/gcc/arm-none-eabi/10.3.1/../../../../arm-none-eabi/lib/thumb/v7e-m+fp/hard\libc_nano.a(lib_a-init.o)
                              c:/users/lukas/source/tools/gcc-arm-none-eabi-10.3-2021.10-win32/bin/../lib/gcc/arm-none-eabi/10.3.1/../../../../arm-none-eabi/lib/thumb/v7e-m+fp/hard/crt0.o (__libc_init_array)
c:/users/lukas/source/tools/gcc-arm-none-eabi-10.3-2021.10-win32/bin/../lib/gcc/arm-none-eabi/10.3.1/../../../../arm-none-eabi/lib/thumb/v7e-m+fp/hard\libc_nano.a(lib_a-memset.o)
                              c:/users/lukas/source/tools/gcc-arm-none-eabi-10.3-2021.10-win32/bin/../lib/gcc/arm-none-eabi/10.3.1/../../../../arm-none-eabi/lib/thumb/v7e-m+fp/hard/crt0.o (memset)
c:/users/lukas/source/tools/gcc-arm-none-eabi-10.3-2021.10-win32/bin/../lib/gcc/arm-none-eabi/10.3.1/../../../../arm-none-eabi/lib/thumb/v7e-m+fp/hard\libnosys.a(_exit.o)
                              c:/users/lukas/source/tools/gcc-arm-none-eabi-10.3-2021.10-win32/bin/../lib/gcc/arm-none-eabi/10.3.1/../../../../arm-none-eabi/lib/thumb/v7e-m+fp/hard\libc_nano.a(lib_a-exit.o) (_exit)
c:/users/lukas/source/tools/gcc-arm-none-eabi-10.3-2021.10-win32/bin/../lib/gcc/arm-none-eabi/10.3.1/thumb/v7e-m+fp/hard\libgcc.a(_aeabi_uldivmod.o)
                              build/stm32f4xx_hal_rcc.o (__aeabi_uldivmod)
c:/users/lukas/source/tools/gcc-arm-none-eabi-10.3-2021.10-win32/bin/../lib/gcc/arm-none-eabi/10.3.1/thumb/v7e-m+fp/hard\libgcc.a(_udivmoddi4.o)
                              c:/users/lukas/source/tools/gcc-arm-none-eabi-10.3-2021.10-win32/bin/../lib/gcc/arm-none-eabi/10.3.1/thumb/v7e-m+fp/hard\libgcc.a(_aeabi_uldivmod.o) (__udivmoddi4)
c:/users/lukas/source/tools/gcc-arm-none-eabi-10.3-2021.10-win32/bin/../lib/gcc/arm-none-eabi/10.3.1/thumb/v7e-m+fp/hard\libgcc.a(_dvmd_tls.o)
                              c:/users/lukas/source/tools/gcc-arm-none-eabi-10.3-2021.10-win32/bin/../lib/gcc/arm-none-eabi/10.3.1/thumb/v7e-m+fp/hard\libgcc.a(_aeabi_uldivmod.o) (__aeabi_ldiv0)

Discarded input sections

 .text          0x00000000        0x0 c:/users/lukas/source/tools/gcc-arm-none-eabi-10.3-2021.10-win32/bin/../lib/gcc/arm-none-eabi/10.3.1/thumb/v7e-m+fp/hard/crti.o
 .data          0x00000000        0x0 c:/users/lukas/source/tools/gcc-arm-none-eabi-10.3-2021.10-win32/bin/../lib/gcc/arm-none-eabi/10.3.1/thumb/v7e-m+fp/hard/crti.o
 .bss           0x00000000        0x0 c:/users/lukas/source/tools/gcc-arm-none-eabi-10.3-2021.10-win32/bin/../lib/gcc/arm-none-eabi/10.3.1/thumb/v7e-m+fp/hard/crti.o
 .data          0x00000000        0x4 c:/users/lukas/source/tools/gcc-arm-none-eabi-10.3-2021.10-win32/bin/../lib/gcc/arm-none-eabi/10.3.1/thumb/v7e-m+fp/hard/crtbegin.o
 .rodata        0x00000000       0x24 c:/users/lukas/source/tools/gcc-arm-none-eabi-10.3-2021.10-win32/bin/../lib/gcc/arm-none-eabi/10.3.1/thumb/v7e-m+fp/hard/crtbegin.o
 .text          0x00000000       0x7c c:/users/lukas/source/tools/gcc-arm-none-eabi-10.3-2021.10-win32/bin/../lib/gcc/arm-none-eabi/10.3.1/../../../../arm-none-eabi/lib/thumb/v7e-m+fp/hard/crt0.o
 .data          0x00000000        0x0 c:/users/lukas/source/tools/gcc-arm-none-eabi-10.3-2021.10-win32/bin/../lib/gcc/arm-none-eabi/10.3.1/../../../../arm-none-eabi/lib/thumb/v7e-m+fp/hard/crt0.o
 .bss           0x00000000        0x0 c:/users/lukas/source/tools/gcc-arm-none-eabi-10.3-2021.10-win32/bin/../lib/gcc/arm-none-eabi/10.3.1/../../../../arm-none-eabi/lib/thumb/v7e-m+fp/hard/crt0.o
 .ARM.extab     0x00000000        0x0 c:/users/lukas/source/tools/gcc-arm-none-eabi-10.3-2021.10-win32/bin/../lib/gcc/arm-none-eabi/10.3.1/../../../../arm-none-eabi/lib/thumb/v7e-m+fp/hard/crt0.o
 .ARM.exidx     0x00000000       0x10 c:/users/lukas/source/tools/gcc-arm-none-eabi-10.3-2021.10-win32/bin/../lib/gcc/arm-none-eabi/10.3.1/../../../../arm-none-eabi/lib/thumb/v7e-m+fp/hard/crt0.o
 .ARM.attributes
                0x00000000       0x1c c:/users/lukas/source/tools/gcc-arm-none-eabi-10.3-2021.10-win32/bin/../lib/gcc/arm-none-eabi/10.3.1/../../../../arm-none-eabi/lib/thumb/v7e-m+fp/hard/crt0.o
 .text          0x00000000        0x0 build/main.o
[...]
Memory Configuration

Name             Origin             Length             Attributes
RAM              0x20000000         0x00020000         xrw
CCMRAM           0x10000000         0x00010000         xrw
FLASH            0x08000000         0x00100000         xr
*default*        0x00000000         0xffffffff

Linker script and memory map

LOAD c:/users/lukas/source/tools/gcc-arm-none-eabi-10.3-2021.10-win32/bin/../lib/gcc/arm-none-eabi/10.3.1/thumb/v7e-m+fp/hard/crti.o
LOAD c:/users/lukas/source/tools/gcc-arm-none-eabi-10.3-2021.10-win32/bin/../lib/gcc/arm-none-eabi/10.3.1/thumb/v7e-m+fp/hard/crtbegin.o
LOAD c:/users/lukas/source/tools/gcc-arm-none-eabi-10.3-2021.10-win32/bin/../lib/gcc/arm-none-eabi/10.3.1/../../../../arm-none-eabi/lib/thumb/v7e-m+fp/hard/crt0.o
LOAD build/main.o
LOAD build/stm32f4xx_it.o
LOAD build/stm32f4xx_hal_msp.o
LOAD build/usb_device.o
LOAD build/usbd_desc.o
LOAD build/usbd_cdc_if.o
LOAD build/usbd_conf.o
LOAD build/stm32f4xx_hal_pcd.o
LOAD build/stm32f4xx_hal_pcd_ex.o
LOAD build/stm32f4xx_ll_usb.o
LOAD build/stm32f4xx_hal_rcc.o
LOAD build/stm32f4xx_hal_rcc_ex.o
LOAD build/stm32f4xx_hal_flash.o
LOAD build/stm32f4xx_hal_flash_ex.o
LOAD build/stm32f4xx_hal_flash_ramfunc.o
LOAD build/stm32f4xx_hal_gpio.o
LOAD build/stm32f4xx_hal_dma_ex.o
LOAD build/stm32f4xx_hal_dma.o
LOAD build/stm32f4xx_hal_pwr.o
LOAD build/stm32f4xx_hal_pwr_ex.o
LOAD build/stm32f4xx_hal_cortex.o
LOAD build/stm32f4xx_hal.o
LOAD build/stm32f4xx_hal_exti.o
LOAD build/stm32f4xx_hal_i2c.o
LOAD build/stm32f4xx_hal_i2c_ex.o
LOAD build/stm32f4xx_ll_sdmmc.o
LOAD build/stm32f4xx_hal_sd.o
LOAD build/stm32f4xx_hal_tim.o
LOAD build/stm32f4xx_hal_tim_ex.o
LOAD build/stm32f4xx_hal_uart.o
LOAD build/system_stm32f4xx.o
LOAD build/usbd_core.o
LOAD build/usbd_ctlreq.o
LOAD build/usbd_ioreq.o
LOAD build/usbd_cdc.o
LOAD build/startup_stm32f405xx.o
LOAD c:/users/lukas/source/tools/gcc-arm-none-eabi-10.3-2021.10-win32/bin/../lib/gcc/arm-none-eabi/10.3.1/../../../../arm-none-eabi/lib/thumb/v7e-m+fp/hard\libc_nano.a
LOAD c:/users/lukas/source/tools/gcc-arm-none-eabi-10.3-2021.10-win32/bin/../lib/gcc/arm-none-eabi/10.3.1/../../../../arm-none-eabi/lib/thumb/v7e-m+fp/hard\libm.a
LOAD c:/users/lukas/source/tools/gcc-arm-none-eabi-10.3-2021.10-win32/bin/../lib/gcc/arm-none-eabi/10.3.1/../../../../arm-none-eabi/lib/thumb/v7e-m+fp/hard\libnosys.a
START GROUP
LOAD c:/users/lukas/source/tools/gcc-arm-none-eabi-10.3-2021.10-win32/bin/../lib/gcc/arm-none-eabi/10.3.1/thumb/v7e-m+fp/hard\libgcc.a
LOAD c:/users/lukas/source/tools/gcc-arm-none-eabi-10.3-2021.10-win32/bin/../lib/gcc/arm-none-eabi/10.3.1/../../../../arm-none-eabi/lib/thumb/v7e-m+fp/hard\libc_nano.a
END GROUP
START GROUP
LOAD c:/users/lukas/source/tools/gcc-arm-none-eabi-10.3-2021.10-win32/bin/../lib/gcc/arm-none-eabi/10.3.1/thumb/v7e-m+fp/hard\libgcc.a
LOAD c:/users/lukas/source/tools/gcc-arm-none-eabi-10.3-2021.10-win32/bin/../lib/gcc/arm-none-eabi/10.3.1/../../../../arm-none-eabi/lib/thumb/v7e-m+fp/hard\libc_nano.a
END GROUP
LOAD c:/users/lukas/source/tools/gcc-arm-none-eabi-10.3-2021.10-win32/bin/../lib/gcc/arm-none-eabi/10.3.1/thumb/v7e-m+fp/hard/crtend.o
LOAD c:/users/lukas/source/tools/gcc-arm-none-eabi-10.3-2021.10-win32/bin/../lib/gcc/arm-none-eabi/10.3.1/thumb/v7e-m+fp/hard/crtn.o
                0x20020000                _estack = (ORIGIN (RAM) + LENGTH (RAM))
                0x00000200                _Min_Heap_Size = 0x200
                0x00000400                _Min_Stack_Size = 0x400

.isr_vector     0x08000000      0x188
                0x08000000                . = ALIGN (0x4)
 *(.isr_vector)
 .isr_vector    0x08000000      0x188 build/startup_stm32f405xx.o
                0x08000000                g_pfnVectors
                0x08000188                . = ALIGN (0x4)

.text           0x08000188     0x5c58
                0x08000188                . = ALIGN (0x4)
 *(.text)
 .text          0x08000188       0x40 c:/users/lukas/source/tools/gcc-arm-none-eabi-10.3-2021.10-win32/bin/../lib/gcc/arm-none-eabi/10.3.1/thumb/v7e-m+fp/hard/crtbegin.o
 .text          0x080001c8       0x30 c:/users/lukas/source/tools/gcc-arm-none-eabi-10.3-2021.10-win32/bin/../lib/gcc/arm-none-eabi/10.3.1/thumb/v7e-m+fp/hard\libgcc.a(_aeabi_uldivmod.o)
                0x080001c8                __aeabi_uldivmod
 .text          0x080001f8      0x2d0 c:/users/lukas/source/tools/gcc-arm-none-eabi-10.3-2021.10-win32/bin/../lib/gcc/arm-none-eabi/10.3.1/thumb/v7e-m+fp/hard\libgcc.a(_udivmoddi4.o)
                0x080001f8                __udivmoddi4
 .text          0x080004c8        0x4 c:/users/lukas/source/tools/gcc-arm-none-eabi-10.3-2021.10-win32/bin/../lib/gcc/arm-none-eabi/10.3.1/thumb/v7e-m+fp/hard\libgcc.a(_dvmd_tls.o)
                0x080004c8                __aeabi_idiv0
                0x080004c8                __aeabi_ldiv0
 *(.text*)
 .text.MX_GPIO_Init
                0x080004cc       0xb8 build/main.o
 .text.Error_Handler
                0x08000584        0x4 build/main.o
                0x08000584                Error_Handler
 .text.MX_I2C1_Init
                0x08000588       0x38 build/main.o
 .text.MX_SDIO_SD_Init
                0x080005c0       0x40 build/main.o
 .text.MX_TIM2_Init
                0x08000600       0xa0 build/main.o
 .text.MX_TIM3_Init
                0x080006a0       0xa4 build/main.o
 .text.MX_TIM5_Init
                0x08000744       0xec build/main.o
 .text.MX_USART1_UART_Init
                0x08000830       0x34 build/main.o
 .text.MX_USART3_UART_Init
                0x08000864       0x34 build/main.o
 .text.SystemClock_Config
                0x08000898       0xa8 build/main.o
                0x08000898                SystemClock_Config
 .text.main     0x08000940       0x5c build/main.o
                0x08000940                main
 .text.NMI_Handler
                0x0800099c        0x2 build/stm32f4xx_it.o
                0x0800099c                NMI_Handler
 .text.HardFault_Handler
                0x0800099e        0x2 build/stm32f4xx_it.o
                0x0800099e                HardFault_Handler
 .text.MemManage_Handler
                0x080009a0        0x2 build/stm32f4xx_it.o
                0x080009a0                MemManage_Handler
 .text.BusFault_Handler
                0x080009a2        0x2 build/stm32f4xx_it.o
                0x080009a2                BusFault_Handler
 .text.UsageFault_Handler
                0x080009a4        0x2 build/stm32f4xx_it.o
                0x080009a4                UsageFault_Handler
 .text.SVC_Handler
                0x080009a6        0x2 build/stm32f4xx_it.o
                0x080009a6                SVC_Handler
 .text.DebugMon_Handler
                0x080009a8        0x2 build/stm32f4xx_it.o
                0x080009a8                DebugMon_Handler
 .text.PendSV_Handler
                0x080009aa        0x2 build/stm32f4xx_it.o
                0x080009aa                PendSV_Handler
 .text.SysTick_Handler
                0x080009ac        0x8 build/stm32f4xx_it.o
                0x080009ac                SysTick_Handler
 .text.OTG_FS_IRQHandler
                0x080009b4       0x10 build/stm32f4xx_it.o
                0x080009b4                OTG_FS_IRQHandler
 .text.HAL_MspInit
                0x080009c4       0x38 build/stm32f4xx_hal_msp.o
                0x080009c4                HAL_MspInit
 .text.HAL_I2C_MspInit
                0x080009fc       0x70 build/stm32f4xx_hal_msp.o
                0x080009fc                HAL_I2C_MspInit
 .text.HAL_SD_MspInit
                0x08000a6c       0xa0 build/stm32f4xx_hal_msp.o
                0x08000a6c                HAL_SD_MspInit
 .text.HAL_TIM_Base_MspInit
                0x08000b0c       0x74 build/stm32f4xx_hal_msp.o
                0x08000b0c                HAL_TIM_Base_MspInit
 .text.HAL_TIM_MspPostInit
                0x08000b80       0xc8 build/stm32f4xx_hal_msp.o
                0x08000b80                HAL_TIM_MspPostInit
 .text.HAL_UART_MspInit
                0x08000c48       0xc8 build/stm32f4xx_hal_msp.o
                0x08000c48                HAL_UART_MspInit
 .text.MX_USB_DEVICE_Init
                0x08000d10       0x54 build/usb_device.o
                0x08000d10                MX_USB_DEVICE_Init
 .text.USBD_FS_DeviceDescriptor
                0x08000d64        0xc build/usbd_desc.o
                0x08000d64                USBD_FS_DeviceDescriptor
 .text.USBD_FS_LangIDStrDescriptor
                0x08000d70        0xc build/usbd_desc.o
                0x08000d70                USBD_FS_LangIDStrDescriptor
 .text.IntToUnicode
                0x08000d7c       0x46 build/usbd_desc.o
 *fill*         0x08000dc2        0x2 
 .text.Get_SerialNum
                0x08000dc4       0x38 build/usbd_desc.o
 .text.USBD_FS_SerialStrDescriptor
                0x08000dfc       0x14 build/usbd_desc.o
                0x08000dfc                USBD_FS_SerialStrDescriptor
 .text.USBD_FS_ProductStrDescriptor
                0x08000e10       0x24 build/usbd_desc.o
                0x08000e10                USBD_FS_ProductStrDescriptor
 .text.USBD_FS_ManufacturerStrDescriptor
                0x08000e34       0x1c build/usbd_desc.o
                0x08000e34                USBD_FS_ManufacturerStrDescriptor
 .text.USBD_FS_ConfigStrDescriptor
                0x08000e50       0x24 build/usbd_desc.o
                0x08000e50                USBD_FS_ConfigStrDescriptor
 .text.USBD_FS_InterfaceStrDescriptor
                0x08000e74       0x24 build/usbd_desc.o
                0x08000e74                USBD_FS_InterfaceStrDescriptor
 .text.CDC_DeInit_FS
                0x08000e98        0x4 build/usbd_cdc_if.o
 .text.CDC_Control_FS
                0x08000e9c        0x4 build/usbd_cdc_if.o
 .text.CDC_TransmitCplt_FS
                0x08000ea0        0x4 build/usbd_cdc_if.o
 .text.CDC_Receive_FS
                0x08000ea4       0x1c build/usbd_cdc_if.o
 .text.CDC_Init_FS
                0x08000ec0       0x28 build/usbd_cdc_if.o
 .text.HAL_PCD_MspInit
                0x08000ee8       0x84 build/usbd_conf.o
                0x08000ee8                HAL_PCD_MspInit
 .text.HAL_PCD_SetupStageCallback
                0x08000f6c       0x10 build/usbd_conf.o
                0x08000f6c                HAL_PCD_SetupStageCallback
 .text.HAL_PCD_DataOutStageCallback
                0x08000f7c       0x18 build/usbd_conf.o
                0x08000f7c                HAL_PCD_DataOutStageCallback
 .text.HAL_PCD_DataInStageCallback
                0x08000f94       0x16 build/usbd_conf.o
                0x08000f94                HAL_PCD_DataInStageCallback
 .text.HAL_PCD_SOFCallback
                0x08000faa        0xc build/usbd_conf.o
                0x08000faa                HAL_PCD_SOFCallback
 .text.HAL_PCD_ResetCallback
                0x08000fb6       0x2c build/usbd_conf.o
                0x08000fb6                HAL_PCD_ResetCallback
 *fill*         0x08000fe2        0x2 
 .text.HAL_PCD_SuspendCallback
                0x08000fe4       0x30 build/usbd_conf.o
                0x08000fe4                HAL_PCD_SuspendCallback
 .text.HAL_PCD_ResumeCallback
                0x08001014        0xc build/usbd_conf.o
                0x08001014                HAL_PCD_ResumeCallback
 .text.HAL_PCD_ISOOUTIncompleteCallback
                0x08001020        0xc build/usbd_conf.o
                0x08001020                HAL_PCD_ISOOUTIncompleteCallback
 .text.HAL_PCD_ISOINIncompleteCallback
                0x0800102c        0xc build/usbd_conf.o
                0x0800102c                HAL_PCD_ISOINIncompleteCallback
 .text.HAL_PCD_ConnectCallback
                0x08001038        0xc build/usbd_conf.o
                0x08001038                HAL_PCD_ConnectCallback
 .text.HAL_PCD_DisconnectCallback
                0x08001044        0xc build/usbd_conf.o
                0x08001044                HAL_PCD_DisconnectCallback
 .text.USBD_LL_Init
                0x08001050       0x68 build/usbd_conf.o
                0x08001050                USBD_LL_Init
 .text.USBD_LL_IsStallEP
                0x080010b8       0x2e build/usbd_conf.o
                0x080010b8                USBD_LL_IsStallEP
 .text.USBD_LL_GetRxDataSize
                0x080010e6        0xc build/usbd_conf.o
                0x080010e6                USBD_LL_GetRxDataSize
 *fill*         0x080010f2        0x2 
 .text.USBD_static_malloc
                0x080010f4        0x8 build/usbd_conf.o
                0x080010f4                USBD_static_malloc
 .text.USBD_static_free
                0x080010fc        0x2 build/usbd_conf.o
                0x080010fc                USBD_static_free
 .text.USBD_Get_USB_Status
                0x080010fe       0x14 build/usbd_conf.o
                0x080010fe                USBD_Get_USB_Status
 .text.USBD_LL_Start
                0x08001112       0x10 build/usbd_conf.o
                0x08001112                USBD_LL_Start
 .text.USBD_LL_OpenEP
                0x08001122       0x16 build/usbd_conf.o
                0x08001122                USBD_LL_OpenEP
 .text.USBD_LL_CloseEP
                0x08001138       0x10 build/usbd_conf.o
                0x08001138                USBD_LL_CloseEP
 .text.USBD_LL_StallEP
                0x08001148       0x10 build/usbd_conf.o
                0x08001148                USBD_LL_StallEP
 .text.USBD_LL_ClearStallEP
                0x08001158       0x10 build/usbd_conf.o
                0x08001158                USBD_LL_ClearStallEP
 .text.USBD_LL_SetUSBAddress
                0x08001168       0x10 build/usbd_conf.o
                0x08001168                USBD_LL_SetUSBAddress
 .text.USBD_LL_Transmit
                0x08001178       0x10 build/usbd_conf.o
                0x08001178                USBD_LL_Transmit
 .text.USBD_LL_PrepareReceive
                0x08001188       0x10 build/usbd_conf.o
                0x08001188                USBD_LL_PrepareReceive
 .text.PCD_WriteEmptyTxFifo
                0x08001198       0xd0 build/stm32f4xx_hal_pcd.o
 .text.HAL_PCD_Init
                0x08001268      0x12e build/stm32f4xx_hal_pcd.o
                0x08001268                HAL_PCD_Init
 .text.HAL_PCD_Start
                0x08001396       0x42 build/stm32f4xx_hal_pcd.o
                0x08001396                HAL_PCD_Start
 .text.PCD_EP_OutXfrComplete_int
                0x080013d8      0x104 build/stm32f4xx_hal_pcd.o
 .text.PCD_EP_OutSetupPacket_int
                0x080014dc       0x50 build/stm32f4xx_hal_pcd.o
 .text.HAL_PCD_SetAddress
                0x0800152c       0x28 build/stm32f4xx_hal_pcd.o
                0x0800152c                HAL_PCD_SetAddress
 .text.HAL_PCD_EP_Open
                0x08001554       0x8a build/stm32f4xx_hal_pcd.o
                0x08001554                HAL_PCD_EP_Open
 .text.HAL_PCD_EP_Close
                0x080015de       0x72 build/stm32f4xx_hal_pcd.o
                0x080015de                HAL_PCD_EP_Close
 .text.HAL_PCD_EP_Receive
                0x08001650       0x5e build/stm32f4xx_hal_pcd.o
                0x08001650                HAL_PCD_EP_Receive
 .text.HAL_PCD_EP_GetRxCount
                0x080016ae       0x12 build/stm32f4xx_hal_pcd.o
                0x080016ae                HAL_PCD_EP_GetRxCount
 .text.HAL_PCD_EP_Transmit
                0x080016c0       0x5e build/stm32f4xx_hal_pcd.o
                0x080016c0                HAL_PCD_EP_Transmit
 .text.HAL_PCD_EP_SetStall
                0x0800171e       0x88 build/stm32f4xx_hal_pcd.o
                0x0800171e                HAL_PCD_EP_SetStall
 .text.HAL_PCD_EP_ClrStall
                0x080017a6       0x76 build/stm32f4xx_hal_pcd.o
                0x080017a6                HAL_PCD_EP_ClrStall
 .text.HAL_PCD_EP_Abort
                0x0800181c       0x34 build/stm32f4xx_hal_pcd.o
                0x0800181c                HAL_PCD_EP_Abort
 .text.HAL_PCD_IRQHandler
                0x08001850      0x5c4 build/stm32f4xx_hal_pcd.o
                0x08001850                HAL_PCD_IRQHandler
 .text.HAL_PCDEx_SetTxFiFo
                0x08001e14       0x4c build/stm32f4xx_hal_pcd_ex.o
                0x08001e14                HAL_PCDEx_SetTxFiFo
 .text.HAL_PCDEx_SetRxFiFo
                0x08001e60        0x8 build/stm32f4xx_hal_pcd_ex.o
                0x08001e60                HAL_PCDEx_SetRxFiFo
 .text.HAL_PCDEx_LPM_Callback
                0x08001e68        0x2 build/stm32f4xx_hal_pcd_ex.o
                0x08001e68                HAL_PCDEx_LPM_Callback
 *fill*         0x08001e6a        0x2 
 .text.USB_CoreReset
                0x08001e6c       0x50 build/stm32f4xx_ll_usb.o
 .text.USB_CoreInit
                0x08001ebc       0x8a build/stm32f4xx_ll_usb.o
                0x08001ebc                USB_CoreInit
 *fill*         0x08001f46        0x2 
 .text.USB_SetTurnaroundTime
                0x08001f48       0xe4 build/stm32f4xx_ll_usb.o
                0x08001f48                USB_SetTurnaroundTime
 .text.USB_EnableGlobalInt
                0x0800202c        0xc build/stm32f4xx_ll_usb.o
                0x0800202c                USB_EnableGlobalInt
 .text.USB_DisableGlobalInt
                0x08002038        0xc build/stm32f4xx_ll_usb.o
                0x08002038                USB_DisableGlobalInt
 .text.USB_FlushTxFifo
                0x08002044       0x50 build/stm32f4xx_ll_usb.o
                0x08002044                USB_FlushTxFifo
 .text.USB_FlushRxFifo
                0x08002094       0x4c build/stm32f4xx_ll_usb.o
                0x08002094                USB_FlushRxFifo
 .text.USB_SetDevSpeed
                0x080020e0        0xe build/stm32f4xx_ll_usb.o
                0x080020e0                USB_SetDevSpeed
 *fill*         0x080020ee        0x2 
 .text.USB_DevInit
                0x080020f0      0x190 build/stm32f4xx_ll_usb.o
                0x080020f0                USB_DevInit
 .text.USB_GetDevSpeed
                0x08002280       0x22 build/stm32f4xx_ll_usb.o
                0x08002280                USB_GetDevSpeed
 .text.USB_ActivateEndpoint
                0x080022a2       0x9c build/stm32f4xx_ll_usb.o
                0x080022a2                USB_ActivateEndpoint
 *fill*         0x0800233e        0x2 
 .text.USB_DeactivateEndpoint
                0x08002340       0xe0 build/stm32f4xx_ll_usb.o
                0x08002340                USB_DeactivateEndpoint
 .text.USB_EP0StartXfer
                0x08002420      0x124 build/stm32f4xx_ll_usb.o
                0x08002420                USB_EP0StartXfer
 .text.USB_EPStopXfer
                0x08002544       0xbe build/stm32f4xx_ll_usb.o
                0x08002544                USB_EPStopXfer
 .text.USB_WritePacket
                0x08002602       0x2e build/stm32f4xx_ll_usb.o
                0x08002602                USB_WritePacket
 .text.USB_EPStartXfer
                0x08002630      0x234 build/stm32f4xx_ll_usb.o
                0x08002630                USB_EPStartXfer
 .text.USB_ReadPacket
                0x08002864       0x54 build/stm32f4xx_ll_usb.o
                0x08002864                USB_ReadPacket
 .text.USB_EPSetStall
                0x080028b8       0x5a build/stm32f4xx_ll_usb.o
                0x080028b8                USB_EPSetStall
 .text.USB_EPClearStall
                0x08002912       0x5c build/stm32f4xx_ll_usb.o
                0x08002912                USB_EPClearStall
 .text.USB_SetDevAddress
                0x0800296e       0x20 build/stm32f4xx_ll_usb.o
                0x0800296e                USB_SetDevAddress
 .text.USB_DevConnect
                0x0800298e       0x1c build/stm32f4xx_ll_usb.o
                0x0800298e                USB_DevConnect
 .text.USB_DevDisconnect
                0x080029aa       0x1c build/stm32f4xx_ll_usb.o
                0x080029aa                USB_DevDisconnect
 .text.USB_ReadInterrupts
                0x080029c6        0x8 build/stm32f4xx_ll_usb.o
                0x080029c6                USB_ReadInterrupts
 .text.USB_ReadDevAllOutEpInterrupt
                0x080029ce       0x10 build/stm32f4xx_ll_usb.o
                0x080029ce                USB_ReadDevAllOutEpInterrupt
 .text.USB_ReadDevAllInEpInterrupt
                0x080029de       0x10 build/stm32f4xx_ll_usb.o
                0x080029de                USB_ReadDevAllInEpInterrupt
 .text.USB_ReadDevOutEPInterrupt
                0x080029ee       0x12 build/stm32f4xx_ll_usb.o
                0x080029ee                USB_ReadDevOutEPInterrupt
 .text.USB_ReadDevInEPInterrupt
                0x08002a00       0x28 build/stm32f4xx_ll_usb.o
                0x08002a00                USB_ReadDevInEPInterrupt
 .text.USB_GetMode
                0x08002a28        0x8 build/stm32f4xx_ll_usb.o
                0x08002a28                USB_GetMode
 .text.USB_SetCurrentMode
                0x08002a30       0x62 build/stm32f4xx_ll_usb.o
                0x08002a30                USB_SetCurrentMode
 .text.USB_ActivateSetup
                0x08002a92       0x20 build/stm32f4xx_ll_usb.o
                0x08002a92                USB_ActivateSetup
 *fill*         0x08002ab2        0x2 
 .text.USB_EP0_OutStart
                0x08002ab4       0x60 build/stm32f4xx_ll_usb.o
                0x08002ab4                USB_EP0_OutStart
 .text.HAL_RCC_OscConfig
                0x08002b14      0x3f8 build/stm32f4xx_hal_rcc.o
                0x08002b14                HAL_RCC_OscConfig
 .text.HAL_RCC_GetSysClockFreq
                0x08002f0c       0xc8 build/stm32f4xx_hal_rcc.o
                0x08002f0c                HAL_RCC_GetSysClockFreq
 .text.HAL_RCC_ClockConfig
                0x08002fd4      0x160 build/stm32f4xx_hal_rcc.o
                0x08002fd4                HAL_RCC_ClockConfig
 .text.HAL_RCC_GetHCLKFreq
                0x08003134        0xc build/stm32f4xx_hal_rcc.o
                0x08003134                HAL_RCC_GetHCLKFreq
 .text.HAL_RCC_GetPCLK1Freq
                0x08003140       0x20 build/stm32f4xx_hal_rcc.o
                0x08003140                HAL_RCC_GetPCLK1Freq
 .text.HAL_RCC_GetPCLK2Freq
                0x08003160       0x20 build/stm32f4xx_hal_rcc.o
                0x08003160                HAL_RCC_GetPCLK2Freq
 .text.HAL_GPIO_Init
                0x08003180      0x1e4 build/stm32f4xx_hal_gpio.o
                0x08003180                HAL_GPIO_Init
 .text.HAL_NVIC_SetPriorityGrouping
                0x08003364       0x24 build/stm32f4xx_hal_cortex.o
                0x08003364                HAL_NVIC_SetPriorityGrouping
 .text.HAL_NVIC_SetPriority
                0x08003388       0x70 build/stm32f4xx_hal_cortex.o
                0x08003388                HAL_NVIC_SetPriority
 .text.HAL_NVIC_EnableIRQ
                0x080033f8       0x1c build/stm32f4xx_hal_cortex.o
                0x080033f8                HAL_NVIC_EnableIRQ
 .text.HAL_SYSTICK_Config
                0x08003414       0x28 build/stm32f4xx_hal_cortex.o
                0x08003414                HAL_SYSTICK_Config
 .text.HAL_InitTick
                0x0800343c       0x4c build/stm32f4xx_hal.o
                0x0800343c                HAL_InitTick
 .text.HAL_Init
                0x08003488       0x34 build/stm32f4xx_hal.o
                0x08003488                HAL_Init
 .text.HAL_IncTick
                0x080034bc       0x18 build/stm32f4xx_hal.o
                0x080034bc                HAL_IncTick
 .text.HAL_GetTick
                0x080034d4        0xc build/stm32f4xx_hal.o
                0x080034d4                HAL_GetTick
 .text.HAL_Delay
                0x080034e0       0x28 build/stm32f4xx_hal.o
                0x080034e0                HAL_Delay
 .text.HAL_I2C_Init
                0x08003508      0x1bc build/stm32f4xx_hal_i2c.o
                0x08003508                HAL_I2C_Init
 .text.SDMMC_GetCmdError
                0x080036c4       0x38 build/stm32f4xx_ll_sdmmc.o
 .text.SDIO_Init
                0x080036fc       0x32 build/stm32f4xx_ll_sdmmc.o
                0x080036fc                SDIO_Init
 .text.SDIO_ReadFIFO
                0x0800372e        0x6 build/stm32f4xx_ll_sdmmc.o
                0x0800372e                SDIO_ReadFIFO
 .text.SDIO_PowerState_ON
                0x08003734        0x8 build/stm32f4xx_ll_sdmmc.o
                0x08003734                SDIO_PowerState_ON
 .text.SDIO_GetPowerState
                0x0800373c        0x8 build/stm32f4xx_ll_sdmmc.o
                0x0800373c                SDIO_GetPowerState
 .text.SDIO_SendCommand
                0x08003744       0x24 build/stm32f4xx_ll_sdmmc.o
                0x08003744                SDIO_SendCommand
 .text.SDIO_GetCommandResponse
                0x08003768        0x6 build/stm32f4xx_ll_sdmmc.o
                0x08003768                SDIO_GetCommandResponse
 .text.SDIO_GetResponse
                0x0800376e        0x6 build/stm32f4xx_ll_sdmmc.o
                0x0800376e                SDIO_GetResponse
 .text.SDIO_ConfigData
                0x08003774       0x24 build/stm32f4xx_ll_sdmmc.o
                0x08003774                SDIO_ConfigData
 .text.SDMMC_CmdGoIdleState
                0x08003798       0x26 build/stm32f4xx_ll_sdmmc.o
                0x08003798                SDMMC_CmdGoIdleState
 *fill*         0x080037be        0x2 
 .text.SDMMC_GetCmdResp1
                0x080037c0      0x154 build/stm32f4xx_ll_sdmmc.o
                0x080037c0                SDMMC_GetCmdResp1
 .text.SDMMC_CmdBlockLength
                0x08003914       0x30 build/stm32f4xx_ll_sdmmc.o
                0x08003914                SDMMC_CmdBlockLength
 .text.SDMMC_CmdSelDesel
                0x08003944       0x30 build/stm32f4xx_ll_sdmmc.o
                0x08003944                SDMMC_CmdSelDesel
 .text.SDMMC_CmdAppCommand
                0x08003974       0x30 build/stm32f4xx_ll_sdmmc.o
                0x08003974                SDMMC_CmdAppCommand
 .text.SDMMC_CmdBusWidth
                0x080039a4       0x30 build/stm32f4xx_ll_sdmmc.o
                0x080039a4                SDMMC_CmdBusWidth
 .text.SDMMC_CmdSendSCR
                0x080039d4       0x30 build/stm32f4xx_ll_sdmmc.o
                0x080039d4                SDMMC_CmdSendSCR
 .text.SDMMC_GetCmdResp2
                0x08003a04       0x5c build/stm32f4xx_ll_sdmmc.o
                0x08003a04                SDMMC_GetCmdResp2
 .text.SDMMC_CmdSendCID
                0x08003a60       0x2a build/stm32f4xx_ll_sdmmc.o
                0x08003a60                SDMMC_CmdSendCID
 .text.SDMMC_CmdSendCSD
                0x08003a8a       0x2a build/stm32f4xx_ll_sdmmc.o
                0x08003a8a                SDMMC_CmdSendCSD
 .text.SDMMC_GetCmdResp3
                0x08003ab4       0x4c build/stm32f4xx_ll_sdmmc.o
                0x08003ab4                SDMMC_GetCmdResp3
 .text.SDMMC_CmdAppOperCommand
                0x08003b00       0x32 build/stm32f4xx_ll_sdmmc.o
                0x08003b00                SDMMC_CmdAppOperCommand
 *fill*         0x08003b32        0x2 
 .text.SDMMC_GetCmdResp6
                0x08003b34       0xa0 build/stm32f4xx_ll_sdmmc.o
                0x08003b34                SDMMC_GetCmdResp6
 .text.SDMMC_CmdSetRelAdd
                0x08003bd4       0x30 build/stm32f4xx_ll_sdmmc.o
                0x08003bd4                SDMMC_CmdSetRelAdd
 .text.SDMMC_GetCmdResp7
                0x08003c04       0x64 build/stm32f4xx_ll_sdmmc.o
                0x08003c04                SDMMC_GetCmdResp7
 .text.SDMMC_CmdOperCond
                0x08003c68       0x2e build/stm32f4xx_ll_sdmmc.o
                0x08003c68                SDMMC_CmdOperCond
 *fill*         0x08003c96        0x2 
 .text.SD_PowerON
                0x08003c98       0xc0 build/stm32f4xx_hal_sd.o
 .text.SD_FindSCR
                0x08003d58      0x100 build/stm32f4xx_hal_sd.o
 .text.SD_WideBus_Enable
                0x08003e58       0x4e build/stm32f4xx_hal_sd.o
 .text.SD_WideBus_Disable
                0x08003ea6       0x4e build/stm32f4xx_hal_sd.o
 .text.HAL_SD_GetCardCSD
                0x08003ef4      0x1b8 build/stm32f4xx_hal_sd.o
                0x08003ef4                HAL_SD_GetCardCSD
 .text.SD_InitCard
                0x080040ac      0x100 build/stm32f4xx_hal_sd.o
 .text.HAL_SD_InitCard
                0x080041ac       0xa8 build/stm32f4xx_hal_sd.o
                0x080041ac                HAL_SD_InitCard
 .text.HAL_SD_Init
                0x08004254       0x36 build/stm32f4xx_hal_sd.o
                0x08004254                HAL_SD_Init
 *fill*         0x0800428a        0x2 
 .text.HAL_SD_ConfigWideBusOperation
                0x0800428c       0xc0 build/stm32f4xx_hal_sd.o
                0x0800428c                HAL_SD_ConfigWideBusOperation
 .text.TIM_OC1_SetConfig
                0x0800434c       0x68 build/stm32f4xx_hal_tim.o
 .text.TIM_OC3_SetConfig
                0x080043b4       0x70 build/stm32f4xx_hal_tim.o
 .text.TIM_OC4_SetConfig
                0x08004424       0x50 build/stm32f4xx_hal_tim.o
 .text.TIM_TI1_ConfigInputStage
                0x08004474       0x26 build/stm32f4xx_hal_tim.o
 .text.TIM_TI2_ConfigInputStage
                0x0800449a       0x28 build/stm32f4xx_hal_tim.o
 .text.TIM_ITRx_SetConfig
                0x080044c2       0x10 build/stm32f4xx_hal_tim.o
 .text.HAL_TIM_OC_MspInit
                0x080044d2        0x2 build/stm32f4xx_hal_tim.o
                0x080044d2                HAL_TIM_OC_MspInit
 .text.HAL_TIM_PWM_MspInit
                0x080044d4        0x2 build/stm32f4xx_hal_tim.o
                0x080044d4                HAL_TIM_PWM_MspInit
 *fill*         0x080044d6        0x2 
 .text.TIM_Base_SetConfig
                0x080044d8       0xc8 build/stm32f4xx_hal_tim.o
                0x080044d8                TIM_Base_SetConfig
 .text.HAL_TIM_Base_Init
                0x080045a0       0x58 build/stm32f4xx_hal_tim.o
                0x080045a0                HAL_TIM_Base_Init
 .text.HAL_TIM_OC_Init
                0x080045f8       0x58 build/stm32f4xx_hal_tim.o
                0x080045f8                HAL_TIM_OC_Init
 .text.HAL_TIM_PWM_Init
                0x08004650       0x58 build/stm32f4xx_hal_tim.o
                0x08004650                HAL_TIM_PWM_Init
 .text.TIM_OC2_SetConfig
                0x080046a8       0x70 build/stm32f4xx_hal_tim.o
                0x080046a8                TIM_OC2_SetConfig
 .text.HAL_TIM_OC_ConfigChannel
                0x08004718       0x5e build/stm32f4xx_hal_tim.o
                0x08004718                HAL_TIM_OC_ConfigChannel
 .text.HAL_TIM_PWM_ConfigChannel
                0x08004776       0xdc build/stm32f4xx_hal_tim.o
                0x08004776                HAL_TIM_PWM_ConfigChannel
 .text.TIM_ETR_SetConfig
                0x08004852       0x1a build/stm32f4xx_hal_tim.o
                0x08004852                TIM_ETR_SetConfig
 .text.HAL_TIM_ConfigClockSource
                0x0800486c       0xfe build/stm32f4xx_hal_tim.o
                0x0800486c                HAL_TIM_ConfigClockSource
 .text.TIM_CCxChannelCmd
                0x0800496a       0x1e build/stm32f4xx_hal_tim.o
                0x0800496a                TIM_CCxChannelCmd
 .text.HAL_TIM_PWM_Start
                0x08004988      0x104 build/stm32f4xx_hal_tim.o
                0x08004988                HAL_TIM_PWM_Start
 .text.HAL_TIMEx_MasterConfigSynchronization
                0x08004a8c       0x8c build/stm32f4xx_hal_tim_ex.o
                0x08004a8c                HAL_TIMEx_MasterConfigSynchronization
 .text.UART_SetConfig
                0x08004b18      0x110 build/stm32f4xx_hal_uart.o
 .text.HAL_UART_Init
                0x08004c28       0x5e build/stm32f4xx_hal_uart.o
                0x08004c28                HAL_UART_Init
 *fill*         0x08004c86        0x2 
 .text.SystemInit
                0x08004c88       0x14 build/system_stm32f4xx.o
                0x08004c88                SystemInit
 .text.USBD_Init
                0x08004c9c       0x2e build/usbd_core.o
                0x08004c9c                USBD_Init
 .text.USBD_RegisterClass
                0x08004cca       0x34 build/usbd_core.o
                0x08004cca                USBD_RegisterClass
 .text.USBD_Start
                0x08004cfe        0x8 build/usbd_core.o
                0x08004cfe                USBD_Start
 .text.USBD_SetClassConfig
                0x08004d06       0x12 build/usbd_core.o
                0x08004d06                USBD_SetClassConfig
 .text.USBD_ClrClassConfig
                0x08004d18       0x12 build/usbd_core.o
                0x08004d18                USBD_ClrClassConfig
 .text.USBD_LL_SetupStage
                0x08004d2a       0x58 build/usbd_core.o
                0x08004d2a                USBD_LL_SetupStage
 .text.USBD_LL_Reset
                0x08004d82       0x64 build/usbd_core.o
                0x08004d82                USBD_LL_Reset
 .text.USBD_LL_SetSpeed
                0x08004de6        0x6 build/usbd_core.o
                0x08004de6                USBD_LL_SetSpeed
 .text.USBD_LL_Suspend
                0x08004dec       0x14 build/usbd_core.o
                0x08004dec                USBD_LL_Suspend
 .text.USBD_LL_Resume
                0x08004e00       0x1a build/usbd_core.o
                0x08004e00                USBD_LL_Resume
 .text.USBD_LL_SOF
                0x08004e1a       0x22 build/usbd_core.o
                0x08004e1a                USBD_LL_SOF
 .text.USBD_LL_IsoINIncomplete
                0x08004e3c       0x2e build/usbd_core.o
                0x08004e3c                USBD_LL_IsoINIncomplete
 .text.USBD_LL_IsoOUTIncomplete
                0x08004e6a       0x2e build/usbd_core.o
                0x08004e6a                USBD_LL_IsoOUTIncomplete
 .text.USBD_LL_DevConnected
                0x08004e98        0x4 build/usbd_core.o
                0x08004e98                USBD_LL_DevConnected
 .text.USBD_LL_DevDisconnected
                0x08004e9c       0x20 build/usbd_core.o
                0x08004e9c                USBD_LL_DevDisconnected
 .text.USBD_CoreFindIF
                0x08004ebc        0x4 build/usbd_core.o
                0x08004ebc                USBD_CoreFindIF
 .text.USBD_CoreFindEP
                0x08004ec0        0x4 build/usbd_core.o
                0x08004ec0                USBD_CoreFindEP
 .text.USBD_LL_DataOutStage
                0x08004ec4       0xc6 build/usbd_core.o
                0x08004ec4                USBD_LL_DataOutStage
 .text.USBD_LL_DataInStage
                0x08004f8a       0xd6 build/usbd_core.o
                0x08004f8a                USBD_LL_DataInStage
 .text.USBD_GetNextDesc
                0x08005060        0xe build/usbd_core.o
                0x08005060                USBD_GetNextDesc
 .text.USBD_GetEpDesc
                0x0800506e       0x3e build/usbd_core.o
                0x0800506e                USBD_GetEpDesc
 .text.USBD_GetLen
                0x080050ac       0x14 build/usbd_ctlreq.o
 .text.USBD_ParseSetupRequest
                0x080050c0       0x28 build/usbd_ctlreq.o
                0x080050c0                USBD_ParseSetupRequest
 .text.USBD_CtlError
                0x080050e8       0x14 build/usbd_ctlreq.o
                0x080050e8                USBD_CtlError
 .text.USBD_GetDescriptor
                0x080050fc      0x18a build/usbd_ctlreq.o
 .text.USBD_SetAddress
                0x08005286       0x50 build/usbd_ctlreq.o
 *fill*         0x080052d6        0x2 
 .text.USBD_SetConfig
                0x080052d8       0xcc build/usbd_ctlreq.o
 .text.USBD_GetConfig
                0x080053a4       0x40 build/usbd_ctlreq.o
 .text.USBD_GetStatus
                0x080053e4       0x38 build/usbd_ctlreq.o
 .text.USBD_SetFeature
                0x0800541c       0x2a build/usbd_ctlreq.o
 .text.USBD_ClrFeature
                0x08005446       0x26 build/usbd_ctlreq.o
 .text.USBD_StdDevReq
                0x0800546c       0x76 build/usbd_ctlreq.o
                0x0800546c                USBD_StdDevReq
 .text.USBD_StdItfReq
                0x080054e2       0x84 build/usbd_ctlreq.o
                0x080054e2                USBD_StdItfReq
 .text.USBD_StdEPReq
                0x08005566      0x230 build/usbd_ctlreq.o
                0x08005566                USBD_StdEPReq
 .text.USBD_GetString
                0x08005796       0x3a build/usbd_ctlreq.o
                0x08005796                USBD_GetString
 .text.USBD_CtlSendData
                0x080057d0       0x1a build/usbd_ioreq.o
                0x080057d0                USBD_CtlSendData
 .text.USBD_CtlContinueSendData
                0x080057ea       0x10 build/usbd_ioreq.o
                0x080057ea                USBD_CtlContinueSendData
 .text.USBD_CtlPrepareRx
                0x080057fa       0x1e build/usbd_ioreq.o
                0x080057fa                USBD_CtlPrepareRx
 .text.USBD_CtlContinueRx
                0x08005818       0x10 build/usbd_ioreq.o
                0x08005818                USBD_CtlContinueRx
 .text.USBD_CtlSendStatus
                0x08005828       0x16 build/usbd_ioreq.o
                0x08005828                USBD_CtlSendStatus
 .text.USBD_CtlReceiveStatus
                0x0800583e       0x16 build/usbd_ioreq.o
                0x0800583e                USBD_CtlReceiveStatus
 .text.USBD_CDC_EP0_RxReady
                0x08005854       0x40 build/usbd_cdc.o
 .text.USBD_CDC_GetDeviceQualifierDescriptor
                0x08005894        0xc build/usbd_cdc.o
                0x08005894                USBD_CDC_GetDeviceQualifierDescriptor
 .text.USBD_CDC_GetOtherSpeedCfgDesc
                0x080058a0       0x48 build/usbd_cdc.o
 .text.USBD_CDC_GetFSCfgDesc
                0x080058e8       0x48 build/usbd_cdc.o
 .text.USBD_CDC_GetHSCfgDesc
                0x08005930       0x48 build/usbd_cdc.o
 .text.USBD_CDC_DataOut
                0x08005978       0x38 build/usbd_cdc.o
 .text.USBD_CDC_DataIn
                0x080059b0       0x7c build/usbd_cdc.o
 .text.USBD_CDC_Setup
                0x08005a2c      0x11a build/usbd_cdc.o
 .text.USBD_CDC_DeInit
                0x08005b46       0x64 build/usbd_cdc.o
 .text.USBD_CDC_Init
                0x08005baa       0xee build/usbd_cdc.o
 .text.USBD_CDC_RegisterInterface
                0x08005c98       0x16 build/usbd_cdc.o
                0x08005c98                USBD_CDC_RegisterInterface
 .text.USBD_CDC_SetTxBuffer
                0x08005cae       0x1c build/usbd_cdc.o
                0x08005cae                USBD_CDC_SetTxBuffer
 .text.USBD_CDC_SetRxBuffer
                0x08005cca       0x18 build/usbd_cdc.o
                0x08005cca                USBD_CDC_SetRxBuffer
 .text.USBD_CDC_ReceivePacket
                0x08005ce2       0x38 build/usbd_cdc.o
                0x08005ce2                USBD_CDC_ReceivePacket
 *fill*         0x08005d1a        0x2 
 .text.Reset_Handler
                0x08005d1c       0x50 build/startup_stm32f405xx.o
                0x08005d1c                Reset_Handler
 .text.Default_Handler
                0x08005d6c        0x2 build/startup_stm32f405xx.o
                0x08005d6c                RTC_Alarm_IRQHandler
                0x08005d6c                HASH_RNG_IRQHandler
                0x08005d6c                EXTI2_IRQHandler
                0x08005d6c                TIM8_CC_IRQHandler
                0x08005d6c                TIM1_CC_IRQHandler
                0x08005d6c                DMA2_Stream5_IRQHandler
                0x08005d6c                DMA1_Stream5_IRQHandler
                0x08005d6c                PVD_IRQHandler
                0x08005d6c                SDIO_IRQHandler
                0x08005d6c                TAMP_STAMP_IRQHandler
                0x08005d6c                CAN2_RX1_IRQHandler
                0x08005d6c                EXTI3_IRQHandler
                0x08005d6c                TIM8_TRG_COM_TIM14_IRQHandler
                0x08005d6c                TIM1_UP_TIM10_IRQHandler
                0x08005d6c                TIM8_UP_TIM13_IRQHandler
                0x08005d6c                I2C3_ER_IRQHandler
                0x08005d6c                EXTI0_IRQHandler
                0x08005d6c                I2C2_EV_IRQHandler
                0x08005d6c                DMA1_Stream2_IRQHandler
                0x08005d6c                CAN1_RX0_IRQHandler
                0x08005d6c                FPU_IRQHandler
                0x08005d6c                OTG_HS_WKUP_IRQHandler
                0x08005d6c                CAN2_SCE_IRQHandler
                0x08005d6c                DMA2_Stream2_IRQHandler
                0x08005d6c                SPI1_IRQHandler
                0x08005d6c                TIM6_DAC_IRQHandler
                0x08005d6c                TIM1_BRK_TIM9_IRQHandler
                0x08005d6c                CAN2_RX0_IRQHandler
                0x08005d6c                DMA2_Stream3_IRQHandler
                0x08005d6c                USART6_IRQHandler
                0x08005d6c                USART3_IRQHandler
                0x08005d6c                CAN1_RX1_IRQHandler
                0x08005d6c                UART5_IRQHandler
                0x08005d6c                DMA2_Stream0_IRQHandler
                0x08005d6c                TIM4_IRQHandler
                0x08005d6c                I2C1_EV_IRQHandler
                0x08005d6c                DMA1_Stream6_IRQHandler
                0x08005d6c                DMA1_Stream1_IRQHandler
                0x08005d6c                UART4_IRQHandler
                0x08005d6c                TIM3_IRQHandler
                0x08005d6c                RCC_IRQHandler
                0x08005d6c                TIM8_BRK_TIM12_IRQHandler
                0x08005d6c                Default_Handler
                0x08005d6c                EXTI15_10_IRQHandler
                0x08005d6c                ADC_IRQHandler
                0x08005d6c                DMA1_Stream7_IRQHandler
                0x08005d6c                TIM7_IRQHandler
                0x08005d6c                CAN2_TX_IRQHandler
                0x08005d6c                TIM5_IRQHandler
                0x08005d6c                DMA2_Stream7_IRQHandler
                0x08005d6c                I2C3_EV_IRQHandler
                0x08005d6c                EXTI9_5_IRQHandler
                0x08005d6c                RTC_WKUP_IRQHandler
                0x08005d6c                SPI2_IRQHandler
                0x08005d6c                OTG_HS_EP1_IN_IRQHandler
                0x08005d6c                DMA1_Stream0_IRQHandler
                0x08005d6c                CAN1_TX_IRQHandler
                0x08005d6c                EXTI4_IRQHandler
                0x08005d6c                FSMC_IRQHandler
                0x08005d6c                OTG_HS_EP1_OUT_IRQHandler
                0x08005d6c                WWDG_IRQHandler
                0x08005d6c                TIM2_IRQHandler
                0x08005d6c                OTG_FS_WKUP_IRQHandler
                0x08005d6c                TIM1_TRG_COM_TIM11_IRQHandler
                0x08005d6c                OTG_HS_IRQHandler
                0x08005d6c                EXTI1_IRQHandler
                0x08005d6c                USART2_IRQHandler
                0x08005d6c                I2C2_ER_IRQHandler
                0x08005d6c                DMA2_Stream1_IRQHandler
                0x08005d6c                CAN1_SCE_IRQHandler
                0x08005d6c                FLASH_IRQHandler
                0x08005d6c                DMA2_Stream4_IRQHandler
                0x08005d6c                USART1_IRQHandler
                0x08005d6c                SPI3_IRQHandler
                0x08005d6c                DMA1_Stream4_IRQHandler
                0x08005d6c                I2C1_ER_IRQHandler
                0x08005d6c                DMA2_Stream6_IRQHandler
                0x08005d6c                DMA1_Stream3_IRQHandler
 *fill*         0x08005d6e        0x2 
 .text.__libc_init_array
                0x08005d70       0x48 c:/users/lukas/source/tools/gcc-arm-none-eabi-10.3-2021.10-win32/bin/../lib/gcc/arm-none-eabi/10.3.1/../../../../arm-none-eabi/lib/thumb/v7e-m+fp/hard\libc_nano.a(lib_a-init.o)
                0x08005d70                __libc_init_array
 .text.memset   0x08005db8       0x10 c:/users/lukas/source/tools/gcc-arm-none-eabi-10.3-2021.10-win32/bin/../lib/gcc/arm-none-eabi/10.3.1/../../../../arm-none-eabi/lib/thumb/v7e-m+fp/hard\libc_nano.a(lib_a-memset.o)
                0x08005db8                memset
 *(.glue_7)
 .glue_7        0x08005dc8        0x0 linker stubs
 *(.glue_7t)
 .glue_7t       0x08005dc8        0x0 linker stubs
 *(.eh_frame)
 .eh_frame      0x08005dc8        0x0 c:/users/lukas/source/tools/gcc-arm-none-eabi-10.3-2021.10-win32/bin/../lib/gcc/arm-none-eabi/10.3.1/thumb/v7e-m+fp/hard/crtbegin.o
 *(.init)
 .init          0x08005dc8        0x4 c:/users/lukas/source/tools/gcc-arm-none-eabi-10.3-2021.10-win32/bin/../lib/gcc/arm-none-eabi/10.3.1/thumb/v7e-m+fp/hard/crti.o
                0x08005dc8                _init
 .init          0x08005dcc        0x8 c:/users/lukas/source/tools/gcc-arm-none-eabi-10.3-2021.10-win32/bin/../lib/gcc/arm-none-eabi/10.3.1/thumb/v7e-m+fp/hard/crtn.o
 *(.fini)
 .fini          0x08005dd4        0x4 c:/users/lukas/source/tools/gcc-arm-none-eabi-10.3-2021.10-win32/bin/../lib/gcc/arm-none-eabi/10.3.1/thumb/v7e-m+fp/hard/crti.o
                0x08005dd4                _fini
 .fini          0x08005dd8        0x8 c:/users/lukas/source/tools/gcc-arm-none-eabi-10.3-2021.10-win32/bin/../lib/gcc/arm-none-eabi/10.3.1/thumb/v7e-m+fp/hard/crtn.o
                0x08005de0                . = ALIGN (0x4)
                0x08005de0                _etext = .

.vfp11_veneer   0x08005de0        0x0
 .vfp11_veneer  0x08005de0        0x0 linker stubs

.v4_bx          0x08005de0        0x0
 .v4_bx         0x08005de0        0x0 linker stubs

.iplt           0x08005de0        0x0
 .iplt          0x08005de0        0x0 c:/users/lukas/source/tools/gcc-arm-none-eabi-10.3-2021.10-win32/bin/../lib/gcc/arm-none-eabi/10.3.1/thumb/v7e-m+fp/hard/crtbegin.o

.rodata         0x08005de0       0x60
                0x08005de0                . = ALIGN (0x4)
 *(.rodata)
 *(.rodata*)
 .rodata.USBD_FS_ProductStrDescriptor.str1.4
                0x08005de0       0x16 build/usbd_desc.o
 *fill*         0x08005df6        0x2 
 .rodata.USBD_FS_ManufacturerStrDescriptor.str1.4
                0x08005df8       0x13 build/usbd_desc.o
 *fill*         0x08005e0b        0x1 
 .rodata.USBD_FS_ConfigStrDescriptor.str1.4
                0x08005e0c        0xb build/usbd_desc.o
 *fill*         0x08005e17        0x1 
 .rodata.USBD_FS_InterfaceStrDescriptor.str1.4
                0x08005e18        0xe build/usbd_desc.o
 *fill*         0x08005e26        0x2 
 .rodata.AHBPrescTable
                0x08005e28       0x10 build/system_stm32f4xx.o
                0x08005e28                AHBPrescTable
 .rodata.APBPrescTable
                0x08005e38        0x8 build/system_stm32f4xx.o
                0x08005e38                APBPrescTable
                0x08005e40                . = ALIGN (0x4)

.ARM.extab
 *(.ARM.extab* .gnu.linkonce.armextab.*)

.ARM            0x08005e40        0x8
                0x08005e40                __exidx_start = .
 *(.ARM.exidx*)
 .ARM.exidx     0x08005e40        0x8 c:/users/lukas/source/tools/gcc-arm-none-eabi-10.3-2021.10-win32/bin/../lib/gcc/arm-none-eabi/10.3.1/thumb/v7e-m+fp/hard\libgcc.a(_udivmoddi4.o)
                0x08005e48                __exidx_end = .

.rel.dyn        0x08005e48        0x0
 .rel.iplt      0x08005e48        0x0 c:/users/lukas/source/tools/gcc-arm-none-eabi-10.3-2021.10-win32/bin/../lib/gcc/arm-none-eabi/10.3.1/thumb/v7e-m+fp/hard/crtbegin.o

.preinit_array  0x08005e48        0x0
                0x08005e48                PROVIDE (__preinit_array_start = .)
 *(.preinit_array*)
                0x08005e48                PROVIDE (__preinit_array_end = .)

.init_array     0x08005e48        0x4
                0x08005e48                PROVIDE (__init_array_start = .)
 *(SORT_BY_NAME(.init_array.*))
 *(.init_array*)
 .init_array    0x08005e48        0x4 c:/users/lukas/source/tools/gcc-arm-none-eabi-10.3-2021.10-win32/bin/../lib/gcc/arm-none-eabi/10.3.1/thumb/v7e-m+fp/hard/crtbegin.o
                0x08005e4c                PROVIDE (__init_array_end = .)

.fini_array     0x08005e4c        0x4
                [!provide]                PROVIDE (__fini_array_start = .)
 *(SORT_BY_NAME(.fini_array.*))
 *(.fini_array*)
 .fini_array    0x08005e4c        0x4 c:/users/lukas/source/tools/gcc-arm-none-eabi-10.3-2021.10-win32/bin/../lib/gcc/arm-none-eabi/10.3.1/thumb/v7e-m+fp/hard/crtbegin.o
                [!provide]                PROVIDE (__fini_array_end = .)
                0x08005e50                _sidata = LOADADDR (.data)

.data           0x20000000       0xf8 load address 0x08005e50
                0x20000000                . = ALIGN (0x4)
                0x20000000                _sdata = .
 *(.data)
 *(.data*)
 .data.FS_Desc  0x20000000       0x1c build/usbd_desc.o
                0x20000000                FS_Desc
 .data.USBD_FS_DeviceDesc
                0x2000001c       0x12 build/usbd_desc.o
                0x2000001c                USBD_FS_DeviceDesc
 *fill*         0x2000002e        0x2 
 .data.USBD_LangIDDesc
                0x20000030        0x4 build/usbd_desc.o
                0x20000030                USBD_LangIDDesc
 .data.USBD_StringSerial
                0x20000034       0x1a build/usbd_desc.o
                0x20000034                USBD_StringSerial
 *fill*         0x2000004e        0x2 
 .data.USBD_Interface_fops_FS
                0x20000050       0x14 build/usbd_cdc_if.o
                0x20000050                USBD_Interface_fops_FS
 .data.uwTickFreq
                0x20000064        0x1 build/stm32f4xx_hal.o
                0x20000064                uwTickFreq
 *fill*         0x20000065        0x3 
 .data.uwTickPrio
                0x20000068        0x4 build/stm32f4xx_hal.o
                0x20000068                uwTickPrio
 .data.SystemCoreClock
                0x2000006c        0x4 build/system_stm32f4xx.o
                0x2000006c                SystemCoreClock
 .data.USBD_CDC
                0x20000070       0x38 build/usbd_cdc.o
                0x20000070                USBD_CDC
 .data.USBD_CDC_CfgDesc
                0x200000a8       0x43 build/usbd_cdc.o
 *fill*         0x200000eb        0x1 
 .data.USBD_CDC_DeviceQualifierDesc
                0x200000ec        0xa build/usbd_cdc.o
                0x200000f8                . = ALIGN (0x4)
 *fill*         0x200000f6        0x2 
                0x200000f8                _edata = .
                0x08005f48                _siccmram = LOADADDR (.ccmram)

.igot.plt       0x200000f8        0x0 load address 0x08005f48
 .igot.plt      0x200000f8        0x0 c:/users/lukas/source/tools/gcc-arm-none-eabi-10.3-2021.10-win32/bin/../lib/gcc/arm-none-eabi/10.3.1/thumb/v7e-m+fp/hard/crtbegin.o

.ccmram         0x10000000        0x0 load address 0x08005f48
                0x10000000                . = ALIGN (0x4)
                0x10000000                _sccmram = .
 *(.ccmram)
 *(.ccmram*)
                0x10000000                . = ALIGN (0x4)
                0x10000000                _eccmram = .
                0x10000000                . = ALIGN (0x4)

.bss            0x200000f8     0x1e64
                0x200000f8                _sbss = .
                0x200000f8                __bss_start__ = _sbss
 *(.bss)
 .bss           0x200000f8       0x1c c:/users/lukas/source/tools/gcc-arm-none-eabi-10.3-2021.10-win32/bin/../lib/gcc/arm-none-eabi/10.3.1/thumb/v7e-m+fp/hard/crtbegin.o
 *(.bss*)
 .bss.hi2c1     0x20000114       0x54 build/main.o
                0x20000114                hi2c1
 .bss.hsd       0x20000168       0x84 build/main.o
                0x20000168                hsd
 .bss.htim2     0x200001ec       0x48 build/main.o
                0x200001ec                htim2
 .bss.htim3     0x20000234       0x48 build/main.o
                0x20000234                htim3
 .bss.htim5     0x2000027c       0x48 build/main.o
                0x2000027c                htim5
 .bss.huart1    0x200002c4       0x44 build/main.o
                0x200002c4                huart1
 .bss.huart3    0x20000308       0x44 build/main.o
                0x20000308                huart3
 .bss.hUsbDeviceFS
                0x2000034c      0x2dc build/usb_device.o
                0x2000034c                hUsbDeviceFS
 .bss.USBD_StrDesc
                0x20000628      0x200 build/usbd_desc.o
                0x20000628                USBD_StrDesc
 .bss.UserRxBufferFS
                0x20000828      0x800 build/usbd_cdc_if.o
                0x20000828                UserRxBufferFS
 .bss.UserTxBufferFS
                0x20001028      0x800 build/usbd_cdc_if.o
                0x20001028                UserTxBufferFS
 .bss.hpcd_USB_OTG_FS
                0x20001828      0x50c build/usbd_conf.o
                0x20001828                hpcd_USB_OTG_FS
 .bss.mem.0     0x20001d34      0x220 build/usbd_conf.o
 .bss.uwTick    0x20001f54        0x4 build/stm32f4xx_hal.o
                0x20001f54                uwTick
 .bss.cfgidx.0  0x20001f58        0x1 build/usbd_ctlreq.o
 *(COMMON)
                0x20001f5c                . = ALIGN (0x4)
 *fill*         0x20001f59        0x3 
                0x20001f5c                _ebss = .
                0x20001f5c                __bss_end__ = _ebss

._user_heap_stack
                0x20001f5c      0x604
                0x20001f60                . = ALIGN (0x8)
 *fill*         0x20001f5c        0x4 
                [!provide]                PROVIDE (end = .)
                [!provide]                PROVIDE (_end = .)
                0x20002160                . = (. + _Min_Heap_Size)
 *fill*         0x20001f60      0x200 
                0x20002560                . = (. + _Min_Stack_Size)
 *fill*         0x20002160      0x400 
                0x20002560                . = ALIGN (0x8)

/DISCARD/
 libc.a(*)
 libm.a(*)
 libgcc.a(*)

.ARM.attributes
                0x00000000       0x30
 *(.ARM.attributes)
 .ARM.attributes
                0x00000000       0x1e c:/users/lukas/source/tools/gcc-arm-none-eabi-10.3-2021.10-win32/bin/../lib/gcc/arm-none-eabi/10.3.1/thumb/v7e-m+fp/hard/crti.o
 .ARM.attributes
                0x0000001e       0x34 c:/users/lukas/source/tools/gcc-arm-none-eabi-10.3-2021.10-win32/bin/../lib/gcc/arm-none-eabi/10.3.1/thumb/v7e-m+fp/hard/crtbegin.o
 .ARM.attributes
                0x00000052       0x34 build/main.o
 .ARM.attributes
                0x00000086       0x34 build/stm32f4xx_it.o
 .ARM.attributes
                0x000000ba       0x34 build/stm32f4xx_hal_msp.o
 .ARM.attributes
                0x000000ee       0x34 build/usb_device.o
 .ARM.attributes
                0x00000122       0x34 build/usbd_desc.o
 .ARM.attributes
                0x00000156       0x34 build/usbd_cdc_if.o
 .ARM.attributes
                0x0000018a       0x34 build/usbd_conf.o
 .ARM.attributes
                0x000001be       0x34 build/stm32f4xx_hal_pcd.o
 .ARM.attributes
                0x000001f2       0x34 build/stm32f4xx_hal_pcd_ex.o
 .ARM.attributes
                0x00000226       0x34 build/stm32f4xx_ll_usb.o
 .ARM.attributes
                0x0000025a       0x34 build/stm32f4xx_hal_rcc.o
 .ARM.attributes
                0x0000028e       0x34 build/stm32f4xx_hal_gpio.o
 .ARM.attributes
                0x000002c2       0x34 build/stm32f4xx_hal_cortex.o
 .ARM.attributes
                0x000002f6       0x34 build/stm32f4xx_hal.o
 .ARM.attributes
                0x0000032a       0x34 build/stm32f4xx_hal_i2c.o
 .ARM.attributes
                0x0000035e       0x34 build/stm32f4xx_ll_sdmmc.o
 .ARM.attributes
                0x00000392       0x34 build/stm32f4xx_hal_sd.o
 .ARM.attributes
                0x000003c6       0x34 build/stm32f4xx_hal_tim.o
 .ARM.attributes
                0x000003fa       0x34 build/stm32f4xx_hal_tim_ex.o
 .ARM.attributes
                0x0000042e       0x34 build/stm32f4xx_hal_uart.o
 .ARM.attributes
                0x00000462       0x34 build/system_stm32f4xx.o
 .ARM.attributes
                0x00000496       0x34 build/usbd_core.o
 .ARM.attributes
                0x000004ca       0x34 build/usbd_ctlreq.o
 .ARM.attributes
                0x000004fe       0x34 build/usbd_ioreq.o
 .ARM.attributes
                0x00000532       0x34 build/usbd_cdc.o
 .ARM.attributes
                0x00000566       0x21 build/startup_stm32f405xx.o
 .ARM.attributes
                0x00000587       0x34 c:/users/lukas/source/tools/gcc-arm-none-eabi-10.3-2021.10-win32/bin/../lib/gcc/arm-none-eabi/10.3.1/../../../../arm-none-eabi/lib/thumb/v7e-m+fp/hard\libc_nano.a(lib_a-init.o)
 .ARM.attributes
                0x000005bb       0x34 c:/users/lukas/source/tools/gcc-arm-none-eabi-10.3-2021.10-win32/bin/../lib/gcc/arm-none-eabi/10.3.1/../../../../arm-none-eabi/lib/thumb/v7e-m+fp/hard\libc_nano.a(lib_a-memset.o)
 .ARM.attributes
                0x000005ef       0x1e c:/users/lukas/source/tools/gcc-arm-none-eabi-10.3-2021.10-win32/bin/../lib/gcc/arm-none-eabi/10.3.1/thumb/v7e-m+fp/hard\libgcc.a(_aeabi_uldivmod.o)
 .ARM.attributes
                0x0000060d       0x34 c:/users/lukas/source/tools/gcc-arm-none-eabi-10.3-2021.10-win32/bin/../lib/gcc/arm-none-eabi/10.3.1/thumb/v7e-m+fp/hard\libgcc.a(_udivmoddi4.o)
 .ARM.attributes
                0x00000641       0x1e c:/users/lukas/source/tools/gcc-arm-none-eabi-10.3-2021.10-win32/bin/../lib/gcc/arm-none-eabi/10.3.1/thumb/v7e-m+fp/hard\libgcc.a(_dvmd_tls.o)
 .ARM.attributes
                0x0000065f       0x1e c:/users/lukas/source/tools/gcc-arm-none-eabi-10.3-2021.10-win32/bin/../lib/gcc/arm-none-eabi/10.3.1/thumb/v7e-m+fp/hard/crtn.o
OUTPUT(build/adam-flightcontroller.elf elf32-littlearm)
LOAD linker stubs
LOAD c:/users/lukas/source/tools/gcc-arm-none-eabi-10.3-2021.10-win32/bin/../lib/gcc/arm-none-eabi/10.3.1/../../../../arm-none-eabi/lib/thumb/v7e-m+fp/hard\libc.a
LOAD c:/users/lukas/source/tools/gcc-arm-none-eabi-10.3-2021.10-win32/bin/../lib/gcc/arm-none-eabi/10.3.1/../../../../arm-none-eabi/lib/thumb/v7e-m+fp/hard\libm.a
LOAD c:/users/lukas/source/tools/gcc-arm-none-eabi-10.3-2021.10-win32/bin/../lib/gcc/arm-none-eabi/10.3.1/thumb/v7e-m+fp/hard\libgcc.a

.debug_info     0x00000000    0x26010
 .debug_info    0x00000000     0x1fb7 build/main.o
 .debug_info    0x00001fb7      0x70c build/stm32f4xx_it.o
 .debug_info    0x000026c3     0x190e build/stm32f4xx_hal_msp.o
 .debug_info    0x00003fd1      0x842 build/usb_device.o
 .debug_info    0x00004813      0x643 build/usbd_desc.o
 .debug_info    0x00004e56      0xaa9 build/usbd_cdc_if.o
 .debug_info    0x000058ff     0x217c build/usbd_conf.o
 .debug_info    0x00007a7b     0x1d1e build/stm32f4xx_hal_pcd.o
 .debug_info    0x00009799      0x7b3 build/stm32f4xx_hal_pcd_ex.o
 .debug_info    0x00009f4c     0x2164 build/stm32f4xx_ll_usb.o
 .debug_info    0x0000c0b0      0xbe6 build/stm32f4xx_hal_rcc.o
 .debug_info    0x0000cc96      0x848 build/stm32f4xx_hal_gpio.o
 .debug_info    0x0000d4de     0x1162 build/stm32f4xx_hal_cortex.o
 .debug_info    0x0000e640      0xabd build/stm32f4xx_hal.o
 .debug_info    0x0000f0fd     0x3b39 build/stm32f4xx_hal_i2c.o
 .debug_info    0x00012c36     0x1b06 build/stm32f4xx_ll_sdmmc.o
 .debug_info    0x0001473c     0x286b build/stm32f4xx_hal_sd.o
 .debug_info    0x00016fa7     0x4061 build/stm32f4xx_hal_tim.o
 .debug_info    0x0001b008     0x1c6a build/stm32f4xx_hal_tim_ex.o
 .debug_info    0x0001cc72     0x43e7 build/stm32f4xx_hal_uart.o
 .debug_info    0x00021059      0x5b3 build/system_stm32f4xx.o
 .debug_info    0x0002160c     0x1352 build/usbd_core.o
 .debug_info    0x0002295e     0x14c9 build/usbd_ctlreq.o
 .debug_info    0x00023e27      0x972 build/usbd_ioreq.o
 .debug_info    0x00024799     0x1855 build/usbd_cdc.o
 .debug_info    0x00025fee       0x22 build/startup_stm32f405xx.o

.debug_abbrev   0x00000000     0x3db4
 .debug_abbrev  0x00000000      0x2ad build/main.o
 .debug_abbrev  0x000002ad      0x17c build/stm32f4xx_it.o
 .debug_abbrev  0x00000429      0x24c build/stm32f4xx_hal_msp.o
 .debug_abbrev  0x00000675      0x188 build/usb_device.o
 .debug_abbrev  0x000007fd      0x1eb build/usbd_desc.o
 .debug_abbrev  0x000009e8      0x2bb build/usbd_cdc_if.o
 .debug_abbrev  0x00000ca3      0x2ee build/usbd_conf.o
 .debug_abbrev  0x00000f91      0x2d1 build/stm32f4xx_hal_pcd.o
 .debug_abbrev  0x00001262      0x1c5 build/stm32f4xx_hal_pcd_ex.o
 .debug_abbrev  0x00001427      0x2f9 build/stm32f4xx_ll_usb.o
 .debug_abbrev  0x00001720      0x2aa build/stm32f4xx_hal_rcc.o
 .debug_abbrev  0x000019ca      0x22b build/stm32f4xx_hal_gpio.o
 .debug_abbrev  0x00001bf5      0x382 build/stm32f4xx_hal_cortex.o
 .debug_abbrev  0x00001f77      0x209 build/stm32f4xx_hal.o
 .debug_abbrev  0x00002180      0x2f3 build/stm32f4xx_hal_i2c.o
 .debug_abbrev  0x00002473      0x236 build/stm32f4xx_ll_sdmmc.o
 .debug_abbrev  0x000026a9      0x2d1 build/stm32f4xx_hal_sd.o
 .debug_abbrev  0x0000297a      0x282 build/stm32f4xx_hal_tim.o
 .debug_abbrev  0x00002bfc      0x298 build/stm32f4xx_hal_tim_ex.o
 .debug_abbrev  0x00002e94      0x356 build/stm32f4xx_hal_uart.o
 .debug_abbrev  0x000031ea      0x11b build/system_stm32f4xx.o
 .debug_abbrev  0x00003305      0x2b8 build/usbd_core.o
 .debug_abbrev  0x000035bd      0x358 build/usbd_ctlreq.o
 .debug_abbrev  0x00003915      0x176 build/usbd_ioreq.o
 .debug_abbrev  0x00003a8b      0x317 build/usbd_cdc.o
 .debug_abbrev  0x00003da2       0x12 build/startup_stm32f405xx.o

.debug_loc      0x00000000    0x20ac8
 .debug_loc     0x00000000      0x220 build/main.o
 .debug_loc     0x00000220       0x40 build/stm32f4xx_it.o
 .debug_loc     0x00000260      0x3f9 build/stm32f4xx_hal_msp.o
 .debug_loc     0x00000659       0x20 build/usb_device.o
 .debug_loc     0x00000679      0x47b build/usbd_desc.o
 .debug_loc     0x00000af4      0x1bc build/usbd_cdc_if.o
 .debug_loc     0x00000cb0      0xf26 build/usbd_conf.o
 .debug_loc     0x00001bd6     0x1777 build/stm32f4xx_hal_pcd.o
 .debug_loc     0x0000334d      0x116 build/stm32f4xx_hal_pcd_ex.o
 .debug_loc     0x00003463     0x2abe build/stm32f4xx_ll_usb.o
 .debug_loc     0x00005f21      0x700 build/stm32f4xx_hal_rcc.o
 .debug_loc     0x00006621      0x5e8 build/stm32f4xx_hal_gpio.o
 .debug_loc     0x00006c09      0x7a4 build/stm32f4xx_hal_cortex.o
 .debug_loc     0x000073ad      0x1e1 build/stm32f4xx_hal.o
 .debug_loc     0x0000758e     0x4e42 build/stm32f4xx_hal_i2c.o
 .debug_loc     0x0000c3d0     0x1767 build/stm32f4xx_ll_sdmmc.o
 .debug_loc     0x0000db37     0x27b9 build/stm32f4xx_hal_sd.o
 .debug_loc     0x000102f0     0x5ba0 build/stm32f4xx_hal_tim.o
 .debug_loc     0x00015e90     0x2137 build/stm32f4xx_hal_tim_ex.o
 .debug_loc     0x00017fc7     0x4fef build/stm32f4xx_hal_uart.o
 .debug_loc     0x0001cfb6      0x158 build/system_stm32f4xx.o
 .debug_loc     0x0001d10e     0x102a build/usbd_core.o
 .debug_loc     0x0001e138     0x1a19 build/usbd_ctlreq.o
 .debug_loc     0x0001fb51      0x398 build/usbd_ioreq.o
 .debug_loc     0x0001fee9      0xbdf build/usbd_cdc.o

.debug_aranges  0x00000000     0x1808
 .debug_aranges
                0x00000000       0x70 build/main.o
 .debug_aranges
                0x00000070       0x68 build/stm32f4xx_it.o
 .debug_aranges
                0x000000d8       0x68 build/stm32f4xx_hal_msp.o
 .debug_aranges
                0x00000140       0x20 build/usb_device.o
 .debug_aranges
                0x00000160       0x60 build/usbd_desc.o
 .debug_aranges
                0x000001c0       0x48 build/usbd_cdc_if.o
 .debug_aranges
                0x00000208      0x110 build/usbd_conf.o
 .debug_aranges
                0x00000318      0x148 build/stm32f4xx_hal_pcd.o
 .debug_aranges
                0x00000460       0x38 build/stm32f4xx_hal_pcd_ex.o
 .debug_aranges
                0x00000498      0x1a0 build/stm32f4xx_ll_usb.o
 .debug_aranges
                0x00000638       0x88 build/stm32f4xx_hal_rcc.o
 .debug_aranges
                0x000006c0       0x58 build/stm32f4xx_hal_gpio.o
 .debug_aranges
                0x00000718       0xa8 build/stm32f4xx_hal_cortex.o
 .debug_aranges
                0x000007c0       0xf0 build/stm32f4xx_hal.o
 .debug_aranges
                0x000008b0      0x2a0 build/stm32f4xx_hal_i2c.o
 .debug_aranges
                0x00000b50      0x188 build/stm32f4xx_ll_sdmmc.o
 .debug_aranges
                0x00000cd8      0x168 build/stm32f4xx_hal_sd.o
 .debug_aranges
                0x00000e40      0x3d0 build/stm32f4xx_hal_tim.o
 .debug_aranges
                0x00001210      0x168 build/stm32f4xx_hal_tim_ex.o
 .debug_aranges
                0x00001378      0x200 build/stm32f4xx_hal_uart.o
 .debug_aranges
                0x00001578       0x28 build/system_stm32f4xx.o
 .debug_aranges
                0x000015a0       0xd8 build/usbd_core.o
 .debug_aranges
                0x00001678       0x88 build/usbd_ctlreq.o
 .debug_aranges
                0x00001700       0x50 build/usbd_ioreq.o
 .debug_aranges
                0x00001750       0x90 build/usbd_cdc.o
 .debug_aranges
                0x000017e0       0x28 build/startup_stm32f405xx.o

.debug_ranges   0x00000000     0x1718
 .debug_ranges  0x00000000       0x60 build/main.o
 .debug_ranges  0x00000060       0x58 build/stm32f4xx_it.o
 .debug_ranges  0x000000b8       0x58 build/stm32f4xx_hal_msp.o
 .debug_ranges  0x00000110       0x10 build/usb_device.o
 .debug_ranges  0x00000120       0x50 build/usbd_desc.o
 .debug_ranges  0x00000170       0x38 build/usbd_cdc_if.o
 .debug_ranges  0x000001a8      0x100 build/usbd_conf.o
 .debug_ranges  0x000002a8      0x138 build/stm32f4xx_hal_pcd.o
 .debug_ranges  0x000003e0       0x28 build/stm32f4xx_hal_pcd_ex.o
 .debug_ranges  0x00000408      0x190 build/stm32f4xx_ll_usb.o
 .debug_ranges  0x00000598       0x90 build/stm32f4xx_hal_rcc.o
 .debug_ranges  0x00000628       0x48 build/stm32f4xx_hal_gpio.o
 .debug_ranges  0x00000670       0xf8 build/stm32f4xx_hal_cortex.o
 .debug_ranges  0x00000768       0xe0 build/stm32f4xx_hal.o
 .debug_ranges  0x00000848      0x2a8 build/stm32f4xx_hal_i2c.o
 .debug_ranges  0x00000af0      0x178 build/stm32f4xx_ll_sdmmc.o
 .debug_ranges  0x00000c68      0x158 build/stm32f4xx_hal_sd.o
 .debug_ranges  0x00000dc0      0x3c0 build/stm32f4xx_hal_tim.o
 .debug_ranges  0x00001180      0x158 build/stm32f4xx_hal_tim_ex.o
 .debug_ranges  0x000012d8      0x208 build/stm32f4xx_hal_uart.o
 .debug_ranges  0x000014e0       0x18 build/system_stm32f4xx.o
 .debug_ranges  0x000014f8       0xc8 build/usbd_core.o
 .debug_ranges  0x000015c0       0x78 build/usbd_ctlreq.o
 .debug_ranges  0x00001638       0x40 build/usbd_ioreq.o
 .debug_ranges  0x00001678       0x80 build/usbd_cdc.o
 .debug_ranges  0x000016f8       0x20 build/startup_stm32f405xx.o

.debug_line     0x00000000    0x1d862
 .debug_line    0x00000000      0x90f build/main.o
 .debug_line    0x0000090f      0x2ea build/stm32f4xx_it.o
 .debug_line    0x00000bf9      0x5e5 build/stm32f4xx_hal_msp.o
 .debug_line    0x000011de      0x229 build/usb_device.o
 .debug_line    0x00001407      0x37b build/usbd_desc.o
 .debug_line    0x00001782      0x280 build/usbd_cdc_if.o
 .debug_line    0x00001a02      0x833 build/usbd_conf.o
 .debug_line    0x00002235     0x1578 build/stm32f4xx_hal_pcd.o
 .debug_line    0x000037ad      0x2d1 build/stm32f4xx_hal_pcd_ex.o
 .debug_line    0x00003a7e     0x1e4e build/stm32f4xx_ll_usb.o
 .debug_line    0x000058cc      0xb27 build/stm32f4xx_hal_rcc.o
 .debug_line    0x000063f3      0x6fd build/stm32f4xx_hal_gpio.o
 .debug_line    0x00006af0      0x794 build/stm32f4xx_hal_cortex.o
 .debug_line    0x00007284      0x581 build/stm32f4xx_hal.o
 .debug_line    0x00007805     0x537f build/stm32f4xx_hal_i2c.o
 .debug_line    0x0000cb84     0x10ff build/stm32f4xx_ll_sdmmc.o
 .debug_line    0x0000dc83     0x2736 build/stm32f4xx_hal_sd.o
 .debug_line    0x000103b9     0x4abe build/stm32f4xx_hal_tim.o
 .debug_line    0x00014e77     0x1ce2 build/stm32f4xx_hal_tim_ex.o
 .debug_line    0x00016b59     0x460a build/stm32f4xx_hal_uart.o
 .debug_line    0x0001b163      0x26c build/system_stm32f4xx.o
 .debug_line    0x0001b3cf      0x9e6 build/usbd_core.o
 .debug_line    0x0001bdb5      0xd5d build/usbd_ctlreq.o
 .debug_line    0x0001cb12      0x2c6 build/usbd_ioreq.o
 .debug_line    0x0001cdd8      0xa14 build/usbd_cdc.o
 .debug_line    0x0001d7ec       0x76 build/startup_stm32f405xx.o

.debug_str      0x00000000     0x7067
 .debug_str     0x00000000     0x11fd build/main.o
                               0x1338 (size before relaxing)
 .debug_str     0x000011fd      0x42e build/stm32f4xx_it.o
                                0x631 (size before relaxing)
 .debug_str     0x0000162b       0xe5 build/stm32f4xx_hal_msp.o
                                0xf7c (size before relaxing)
 .debug_str     0x00001710      0x410 build/usb_device.o
                                0x69e (size before relaxing)
 .debug_str     0x00001b20      0x181 build/usbd_desc.o
                                0x44a (size before relaxing)
 .debug_str     0x00001ca1      0x147 build/usbd_cdc_if.o
                                0x77f (size before relaxing)
 .debug_str     0x00001de8      0xa60 build/usbd_conf.o
                               0x1578 (size before relaxing)
 .debug_str     0x00002848      0x5cd build/stm32f4xx_hal_pcd.o
                                0xdae (size before relaxing)
 .debug_str     0x00002e15      0x125 build/stm32f4xx_hal_pcd_ex.o
                                0x712 (size before relaxing)
 .debug_str     0x00002f3a      0x440 build/stm32f4xx_ll_usb.o
                                0xc8b (size before relaxing)
 .debug_str     0x0000337a      0x21b build/stm32f4xx_hal_rcc.o
                                0x6f2 (size before relaxing)
 .debug_str     0x00003595      0x136 build/stm32f4xx_hal_gpio.o
                                0x4cc (size before relaxing)
 .debug_str     0x000036cb      0x475 build/stm32f4xx_hal_cortex.o
                                0xbf7 (size before relaxing)
 .debug_str     0x00003b40      0x295 build/stm32f4xx_hal.o
                                0xb25 (size before relaxing)
 .debug_str     0x00003dd5      0x8a9 build/stm32f4xx_hal_i2c.o
                               0x101c (size before relaxing)
 .debug_str     0x0000467e      0x4c0 build/stm32f4xx_ll_sdmmc.o
                                0x7e8 (size before relaxing)
 .debug_str     0x00004b3e      0x6c1 build/stm32f4xx_hal_sd.o
                               0x10c6 (size before relaxing)
 .debug_str     0x000051ff      0xd83 build/stm32f4xx_hal_tim.o
                               0x16a5 (size before relaxing)
 .debug_str     0x00005f82      0x521 build/stm32f4xx_hal_tim_ex.o
                                0xea6 (size before relaxing)
 .debug_str     0x000064a3      0x5df build/stm32f4xx_hal_uart.o
                                0xd45 (size before relaxing)
 .debug_str     0x00006a82       0x47 build/system_stm32f4xx.o
                                0x361 (size before relaxing)
 .debug_str     0x00006ac9      0x275 build/usbd_core.o
                                0x9c3 (size before relaxing)
 .debug_str     0x00006d3e      0x109 build/usbd_ctlreq.o
                                0x7ee (size before relaxing)
 .debug_str     0x00006e47       0x60 build/usbd_ioreq.o
                                0x6c3 (size before relaxing)
 .debug_str     0x00006ea7      0x19c build/usbd_cdc.o
                                0xd5f (size before relaxing)
 .debug_str     0x00007043       0x24 build/startup_stm32f405xx.o
                                 0x56 (size before relaxing)

.comment        0x00000000       0x49
 .comment       0x00000000       0x49 build/main.o
                                 0x4a (size before relaxing)
 .comment       0x00000049       0x4a build/stm32f4xx_it.o
 .comment       0x00000049       0x4a build/stm32f4xx_hal_msp.o
 .comment       0x00000049       0x4a build/usb_device.o
 .comment       0x00000049       0x4a build/usbd_desc.o
 .comment       0x00000049       0x4a build/usbd_cdc_if.o
 .comment       0x00000049       0x4a build/usbd_conf.o
 .comment       0x00000049       0x4a build/stm32f4xx_hal_pcd.o
 .comment       0x00000049       0x4a build/stm32f4xx_hal_pcd_ex.o
 .comment       0x00000049       0x4a build/stm32f4xx_ll_usb.o
 .comment       0x00000049       0x4a build/stm32f4xx_hal_rcc.o
 .comment       0x00000049       0x4a build/stm32f4xx_hal_gpio.o
 .comment       0x00000049       0x4a build/stm32f4xx_hal_cortex.o
 .comment       0x00000049       0x4a build/stm32f4xx_hal.o
 .comment       0x00000049       0x4a build/stm32f4xx_hal_i2c.o
 .comment       0x00000049       0x4a build/stm32f4xx_ll_sdmmc.o
 .comment       0x00000049       0x4a build/stm32f4xx_hal_sd.o
 .comment       0x00000049       0x4a build/stm32f4xx_hal_tim.o
 .comment       0x00000049       0x4a build/stm32f4xx_hal_tim_ex.o
 .comment       0x00000049       0x4a build/stm32f4xx_hal_uart.o
 .comment       0x00000049       0x4a build/system_stm32f4xx.o
 .comment       0x00000049       0x4a build/usbd_core.o
 .comment       0x00000049       0x4a build/usbd_ctlreq.o
 .comment       0x00000049       0x4a build/usbd_ioreq.o
 .comment       0x00000049       0x4a build/usbd_cdc.o

.debug_frame    0x00000000     0x4454
 .debug_frame   0x00000000      0x138 build/main.o
 .debug_frame   0x00000138       0xc0 build/stm32f4xx_it.o
 .debug_frame   0x000001f8      0x128 build/stm32f4xx_hal_msp.o
 .debug_frame   0x00000320       0x28 build/usb_device.o
 .debug_frame   0x00000348       0xe0 build/usbd_desc.o
 .debug_frame   0x00000428       0x88 build/usbd_cdc_if.o
 .debug_frame   0x000004b0      0x2e4 build/usbd_conf.o
 .debug_frame   0x00000794      0x388 build/stm32f4xx_hal_pcd.o
 .debug_frame   0x00000b1c       0x5c build/stm32f4xx_hal_pcd_ex.o
 .debug_frame   0x00000b78      0x4ac build/stm32f4xx_ll_usb.o
 .debug_frame   0x00001024      0x16c build/stm32f4xx_hal_rcc.o
 .debug_frame   0x00001190       0xd8 build/stm32f4xx_hal_gpio.o
 .debug_frame   0x00001268      0x148 build/stm32f4xx_hal_cortex.o
 .debug_frame   0x000013b0      0x1ec build/stm32f4xx_hal.o
 .debug_frame   0x0000159c      0x970 build/stm32f4xx_hal_i2c.o
 .debug_frame   0x00001f0c      0x4c8 build/stm32f4xx_ll_sdmmc.o
 .debug_frame   0x000023d4      0x4b8 build/stm32f4xx_hal_sd.o
 .debug_frame   0x0000288c      0xb0c build/stm32f4xx_hal_tim.o
 .debug_frame   0x00003398      0x40c build/stm32f4xx_hal_tim_ex.o
 .debug_frame   0x000037a4      0x5cc build/stm32f4xx_hal_uart.o
 .debug_frame   0x00003d70       0x30 build/system_stm32f4xx.o
 .debug_frame   0x00003da0      0x240 build/usbd_core.o
 .debug_frame   0x00003fe0      0x180 build/usbd_ctlreq.o
 .debug_frame   0x00004160       0xb8 build/usbd_ioreq.o
 .debug_frame   0x00004218      0x190 build/usbd_cdc.o
 .debug_frame   0x000043a8       0x2c c:/users/lukas/source/tools/gcc-arm-none-eabi-10.3-2021.10-win32/bin/../lib/gcc/arm-none-eabi/10.3.1/../../../../arm-none-eabi/lib/thumb/v7e-m+fp/hard\libc_nano.a(lib_a-init.o)
 .debug_frame   0x000043d4       0x20 c:/users/lukas/source/tools/gcc-arm-none-eabi-10.3-2021.10-win32/bin/../lib/gcc/arm-none-eabi/10.3.1/../../../../arm-none-eabi/lib/thumb/v7e-m+fp/hard\libc_nano.a(lib_a-memset.o)
 .debug_frame   0x000043f4       0x2c c:/users/lukas/source/tools/gcc-arm-none-eabi-10.3-2021.10-win32/bin/../lib/gcc/arm-none-eabi/10.3.1/thumb/v7e-m+fp/hard\libgcc.a(_aeabi_uldivmod.o)
 .debug_frame   0x00004420       0x34 c:/users/lukas/source/tools/gcc-arm-none-eabi-10.3-2021.10-win32/bin/../lib/gcc/arm-none-eabi/10.3.1/thumb/v7e-m+fp/hard\libgcc.a(_udivmoddi4.o)

Cross Reference Table

Symbol                                            File
ADC_IRQHandler                                    build/startup_stm32f405xx.o
AHBPrescTable                                     build/system_stm32f4xx.o
                                                  build/stm32f4xx_hal_rcc.o
APBPrescTable                                     build/system_stm32f4xx.o
                                                  build/stm32f4xx_hal_rcc.o
BusFault_Handler                                  build/stm32f4xx_it.o
CAN1_RX0_IRQHandler                               build/startup_stm32f405xx.o
CAN1_RX1_IRQHandler                               build/startup_stm32f405xx.o
CAN1_SCE_IRQHandler                               build/startup_stm32f405xx.o
CAN1_TX_IRQHandler                                build/startup_stm32f405xx.o
CAN2_RX0_IRQHandler                               build/startup_stm32f405xx.o
CAN2_RX1_IRQHandler                               build/startup_stm32f405xx.o
CAN2_SCE_IRQHandler                               build/startup_stm32f405xx.o
CAN2_TX_IRQHandler                                build/startup_stm32f405xx.o
CDC_Transmit_FS                                   build/usbd_cdc_if.o
DMA1_Stream0_IRQHandler                           build/startup_stm32f405xx.o
DMA1_Stream1_IRQHandler                           build/startup_stm32f405xx.o
DMA1_Stream2_IRQHandler                           build/startup_stm32f405xx.o
DMA1_Stream3_IRQHandler                           build/startup_stm32f405xx.o
DMA1_Stream4_IRQHandler                           build/startup_stm32f405xx.o
DMA1_Stream5_IRQHandler                           build/startup_stm32f405xx.o
DMA1_Stream6_IRQHandler                           build/startup_stm32f405xx.o
DMA1_Stream7_IRQHandler                           build/startup_stm32f405xx.o
DMA2_Stream0_IRQHandler                           build/startup_stm32f405xx.o
DMA2_Stream1_IRQHandler                           build/startup_stm32f405xx.o
DMA2_Stream2_IRQHandler                           build/startup_stm32f405xx.o
DMA2_Stream3_IRQHandler                           build/startup_stm32f405xx.o
DMA2_Stream4_IRQHandler                           build/startup_stm32f405xx.o
DMA2_Stream5_IRQHandler                           build/startup_stm32f405xx.o
DMA2_Stream6_IRQHandler                           build/startup_stm32f405xx.o
DMA2_Stream7_IRQHandler                           build/startup_stm32f405xx.o
DebugMon_Handler                                  build/stm32f4xx_it.o
Default_Handler                                   build/startup_stm32f405xx.o
EXTI0_IRQHandler                                  build/startup_stm32f405xx.o
EXTI15_10_IRQHandler                              build/startup_stm32f405xx.o
EXTI1_IRQHandler                                  build/startup_stm32f405xx.o
EXTI2_IRQHandler                                  build/startup_stm32f405xx.o
EXTI3_IRQHandler                                  build/startup_stm32f405xx.o
EXTI4_IRQHandler                                  build/startup_stm32f405xx.o
EXTI9_5_IRQHandler                                build/startup_stm32f405xx.o
Error_Handler                                     build/main.o
                                                  build/usbd_conf.o
                                                  build/usb_device.o
FLASH_Erase_Sector                                build/stm32f4xx_hal_flash_ex.o
                                                  build/stm32f4xx_hal_flash.o
FLASH_FlushCaches                                 build/stm32f4xx_hal_flash_ex.o
                                                  build/stm32f4xx_hal_flash.o
FLASH_IRQHandler                                  build/startup_stm32f405xx.o
FLASH_WaitForLastOperation                        build/stm32f4xx_hal_flash.o
                                                  build/stm32f4xx_hal_flash_ex.o
FPU_IRQHandler                                    build/startup_stm32f405xx.o
FSMC_IRQHandler                                   build/startup_stm32f405xx.o
FS_Desc                                           build/usbd_desc.o
                                                  build/usb_device.o
HAL_DBGMCU_DisableDBGSleepMode                    build/stm32f4xx_hal.o
HAL_DBGMCU_DisableDBGStandbyMode                  build/stm32f4xx_hal.o
HAL_DBGMCU_DisableDBGStopMode                     build/stm32f4xx_hal.o
HAL_DBGMCU_EnableDBGSleepMode                     build/stm32f4xx_hal.o
HAL_DBGMCU_EnableDBGStandbyMode                   build/stm32f4xx_hal.o
HAL_DBGMCU_EnableDBGStopMode                      build/stm32f4xx_hal.o
HAL_DMAEx_ChangeMemory                            build/stm32f4xx_hal_dma_ex.o
HAL_DMAEx_MultiBufferStart                        build/stm32f4xx_hal_dma_ex.o
HAL_DMAEx_MultiBufferStart_IT                     build/stm32f4xx_hal_dma_ex.o
HAL_DMA_Abort                                     build/stm32f4xx_hal_dma.o
                                                  build/stm32f4xx_hal_uart.o
                                                  build/stm32f4xx_hal_sd.o
HAL_DMA_Abort_IT                                  build/stm32f4xx_hal_dma.o
                                                  build/stm32f4xx_hal_uart.o
                                                  build/stm32f4xx_hal_tim_ex.o
                                                  build/stm32f4xx_hal_tim.o
                                                  build/stm32f4xx_hal_sd.o
                                                  build/stm32f4xx_hal_i2c.o
HAL_DMA_DeInit                                    build/stm32f4xx_hal_dma.o
HAL_DMA_GetError                                  build/stm32f4xx_hal_dma.o
                                                  build/stm32f4xx_hal_uart.o
                                                  build/stm32f4xx_hal_sd.o
                                                  build/stm32f4xx_hal_i2c.o
HAL_DMA_GetState                                  build/stm32f4xx_hal_dma.o
                                                  build/stm32f4xx_hal_i2c.o
HAL_DMA_IRQHandler                                build/stm32f4xx_hal_dma.o
HAL_DMA_Init                                      build/stm32f4xx_hal_dma.o
HAL_DMA_PollForTransfer                           build/stm32f4xx_hal_dma.o
HAL_DMA_RegisterCallback                          build/stm32f4xx_hal_dma.o
HAL_DMA_Start                                     build/stm32f4xx_hal_dma.o
HAL_DMA_Start_IT                                  build/stm32f4xx_hal_dma.o
                                                  build/stm32f4xx_hal_uart.o
                                                  build/stm32f4xx_hal_tim_ex.o
                                                  build/stm32f4xx_hal_tim.o
                                                  build/stm32f4xx_hal_sd.o
                                                  build/stm32f4xx_hal_i2c.o
HAL_DMA_UnRegisterCallback                        build/stm32f4xx_hal_dma.o
HAL_DeInit                                        build/stm32f4xx_hal.o
HAL_Delay                                         build/stm32f4xx_hal.o
                                                  build/stm32f4xx_hal_sd.o
                                                  build/stm32f4xx_ll_usb.o
                                                  build/usbd_conf.o
                                                  build/main.o
HAL_DisableCompensationCell                       build/stm32f4xx_hal.o
HAL_EXTI_ClearConfigLine                          build/stm32f4xx_hal_exti.o
HAL_EXTI_ClearPending                             build/stm32f4xx_hal_exti.o
HAL_EXTI_GenerateSWI                              build/stm32f4xx_hal_exti.o
HAL_EXTI_GetConfigLine                            build/stm32f4xx_hal_exti.o
HAL_EXTI_GetHandle                                build/stm32f4xx_hal_exti.o
HAL_EXTI_GetPending                               build/stm32f4xx_hal_exti.o
HAL_EXTI_IRQHandler                               build/stm32f4xx_hal_exti.o
HAL_EXTI_RegisterCallback                         build/stm32f4xx_hal_exti.o
HAL_EXTI_SetConfigLine                            build/stm32f4xx_hal_exti.o
HAL_EnableCompensationCell                        build/stm32f4xx_hal.o
HAL_FLASHEx_Erase                                 build/stm32f4xx_hal_flash_ex.o
HAL_FLASHEx_Erase_IT                              build/stm32f4xx_hal_flash_ex.o
HAL_FLASHEx_OBGetConfig                           build/stm32f4xx_hal_flash_ex.o
HAL_FLASHEx_OBProgram                             build/stm32f4xx_hal_flash_ex.o
HAL_FLASH_EndOfOperationCallback                  build/stm32f4xx_hal_flash.o
HAL_FLASH_GetError                                build/stm32f4xx_hal_flash.o
HAL_FLASH_IRQHandler                              build/stm32f4xx_hal_flash.o
HAL_FLASH_Lock                                    build/stm32f4xx_hal_flash.o
HAL_FLASH_OB_Launch                               build/stm32f4xx_hal_flash.o
HAL_FLASH_OB_Lock                                 build/stm32f4xx_hal_flash.o
HAL_FLASH_OB_Unlock                               build/stm32f4xx_hal_flash.o
HAL_FLASH_OperationErrorCallback                  build/stm32f4xx_hal_flash.o
HAL_FLASH_Program                                 build/stm32f4xx_hal_flash.o
HAL_FLASH_Program_IT                              build/stm32f4xx_hal_flash.o
HAL_FLASH_Unlock                                  build/stm32f4xx_hal_flash.o
HAL_GPIO_DeInit                                   build/stm32f4xx_hal_gpio.o
                                                  build/usbd_conf.o
                                                  build/stm32f4xx_hal_msp.o
HAL_GPIO_EXTI_Callback                            build/stm32f4xx_hal_gpio.o
HAL_GPIO_EXTI_IRQHandler                          build/stm32f4xx_hal_gpio.o
HAL_GPIO_Init                                     build/stm32f4xx_hal_gpio.o
                                                  build/stm32f4xx_hal_rcc.o
                                                  build/usbd_conf.o
                                                  build/stm32f4xx_hal_msp.o
                                                  build/main.o
HAL_GPIO_LockPin                                  build/stm32f4xx_hal_gpio.o
HAL_GPIO_ReadPin                                  build/stm32f4xx_hal_gpio.o
HAL_GPIO_TogglePin                                build/stm32f4xx_hal_gpio.o
HAL_GPIO_WritePin                                 build/stm32f4xx_hal_gpio.o
HAL_GetDEVID                                      build/stm32f4xx_hal.o
HAL_GetHalVersion                                 build/stm32f4xx_hal.o
HAL_GetREVID                                      build/stm32f4xx_hal.o
HAL_GetTick                                       build/stm32f4xx_hal.o
                                                  build/stm32f4xx_hal_uart.o
                                                  build/stm32f4xx_hal_sd.o
                                                  build/stm32f4xx_hal_i2c.o
                                                  build/stm32f4xx_hal_pwr_ex.o
                                                  build/stm32f4xx_hal_dma.o
                                                  build/stm32f4xx_hal_flash.o
                                                  build/stm32f4xx_hal_rcc_ex.o
                                                  build/stm32f4xx_hal_rcc.o
HAL_GetTickFreq                                   build/stm32f4xx_hal.o
HAL_GetTickPrio                                   build/stm32f4xx_hal.o
HAL_GetUIDw0                                      build/stm32f4xx_hal.o
HAL_GetUIDw1                                      build/stm32f4xx_hal.o
HAL_GetUIDw2                                      build/stm32f4xx_hal.o
HAL_HalfDuplex_EnableReceiver                     build/stm32f4xx_hal_uart.o
HAL_HalfDuplex_EnableTransmitter                  build/stm32f4xx_hal_uart.o
HAL_HalfDuplex_Init                               build/stm32f4xx_hal_uart.o
HAL_I2C_AbortCpltCallback                         build/stm32f4xx_hal_i2c.o
HAL_I2C_AddrCallback                              build/stm32f4xx_hal_i2c.o
HAL_I2C_DeInit                                    build/stm32f4xx_hal_i2c.o
HAL_I2C_DisableListen_IT                          build/stm32f4xx_hal_i2c.o
HAL_I2C_ER_IRQHandler                             build/stm32f4xx_hal_i2c.o
HAL_I2C_EV_IRQHandler                             build/stm32f4xx_hal_i2c.o
HAL_I2C_EnableListen_IT                           build/stm32f4xx_hal_i2c.o
HAL_I2C_ErrorCallback                             build/stm32f4xx_hal_i2c.o
HAL_I2C_GetError                                  build/stm32f4xx_hal_i2c.o
HAL_I2C_GetMode                                   build/stm32f4xx_hal_i2c.o
HAL_I2C_GetState                                  build/stm32f4xx_hal_i2c.o
HAL_I2C_Init                                      build/stm32f4xx_hal_i2c.o
                                                  build/main.o
HAL_I2C_IsDeviceReady                             build/stm32f4xx_hal_i2c.o
HAL_I2C_ListenCpltCallback                        build/stm32f4xx_hal_i2c.o
HAL_I2C_MasterRxCpltCallback                      build/stm32f4xx_hal_i2c.o
HAL_I2C_MasterTxCpltCallback                      build/stm32f4xx_hal_i2c.o
HAL_I2C_Master_Abort_IT                           build/stm32f4xx_hal_i2c.o
HAL_I2C_Master_Receive                            build/stm32f4xx_hal_i2c.o
HAL_I2C_Master_Receive_DMA                        build/stm32f4xx_hal_i2c.o
HAL_I2C_Master_Receive_IT                         build/stm32f4xx_hal_i2c.o
HAL_I2C_Master_Seq_Receive_DMA                    build/stm32f4xx_hal_i2c.o
HAL_I2C_Master_Seq_Receive_IT                     build/stm32f4xx_hal_i2c.o
HAL_I2C_Master_Seq_Transmit_DMA                   build/stm32f4xx_hal_i2c.o
HAL_I2C_Master_Seq_Transmit_IT                    build/stm32f4xx_hal_i2c.o
HAL_I2C_Master_Transmit                           build/stm32f4xx_hal_i2c.o
HAL_I2C_Master_Transmit_DMA                       build/stm32f4xx_hal_i2c.o
HAL_I2C_Master_Transmit_IT                        build/stm32f4xx_hal_i2c.o
HAL_I2C_MemRxCpltCallback                         build/stm32f4xx_hal_i2c.o
HAL_I2C_MemTxCpltCallback                         build/stm32f4xx_hal_i2c.o
HAL_I2C_Mem_Read                                  build/stm32f4xx_hal_i2c.o
HAL_I2C_Mem_Read_DMA                              build/stm32f4xx_hal_i2c.o
HAL_I2C_Mem_Read_IT                               build/stm32f4xx_hal_i2c.o
HAL_I2C_Mem_Write                                 build/stm32f4xx_hal_i2c.o
HAL_I2C_Mem_Write_DMA                             build/stm32f4xx_hal_i2c.o
HAL_I2C_Mem_Write_IT                              build/stm32f4xx_hal_i2c.o
HAL_I2C_MspDeInit                                 build/stm32f4xx_hal_msp.o
HAL_I2C_MspInit                                   build/stm32f4xx_hal_msp.o
HAL_I2C_SlaveRxCpltCallback                       build/stm32f4xx_hal_i2c.o
HAL_I2C_SlaveTxCpltCallback                       build/stm32f4xx_hal_i2c.o
HAL_I2C_Slave_Receive                             build/stm32f4xx_hal_i2c.o
HAL_I2C_Slave_Receive_DMA                         build/stm32f4xx_hal_i2c.o
HAL_I2C_Slave_Receive_IT                          build/stm32f4xx_hal_i2c.o
HAL_I2C_Slave_Seq_Receive_DMA                     build/stm32f4xx_hal_i2c.o
HAL_I2C_Slave_Seq_Receive_IT                      build/stm32f4xx_hal_i2c.o
HAL_I2C_Slave_Seq_Transmit_DMA                    build/stm32f4xx_hal_i2c.o
HAL_I2C_Slave_Seq_Transmit_IT                     build/stm32f4xx_hal_i2c.o
HAL_I2C_Slave_Transmit                            build/stm32f4xx_hal_i2c.o
HAL_I2C_Slave_Transmit_DMA                        build/stm32f4xx_hal_i2c.o
HAL_I2C_Slave_Transmit_IT                         build/stm32f4xx_hal_i2c.o
HAL_IncTick                                       build/stm32f4xx_hal.o
                                                  build/stm32f4xx_it.o
HAL_Init                                          build/stm32f4xx_hal.o
                                                  build/main.o
HAL_InitTick                                      build/stm32f4xx_hal.o
                                                  build/stm32f4xx_hal_rcc_ex.o
                                                  build/stm32f4xx_hal_rcc.o
HAL_LIN_Init                                      build/stm32f4xx_hal_uart.o
HAL_LIN_SendBreak                                 build/stm32f4xx_hal_uart.o
HAL_MPU_ConfigRegion                              build/stm32f4xx_hal_cortex.o
HAL_MPU_Disable                                   build/stm32f4xx_hal_cortex.o
HAL_MPU_Enable                                    build/stm32f4xx_hal_cortex.o
HAL_MspDeInit                                     build/stm32f4xx_hal.o
HAL_MspInit                                       build/stm32f4xx_hal_msp.o
HAL_MultiProcessor_EnterMuteMode                  build/stm32f4xx_hal_uart.o
HAL_MultiProcessor_ExitMuteMode                   build/stm32f4xx_hal_uart.o
HAL_MultiProcessor_Init                           build/stm32f4xx_hal_uart.o
HAL_NVIC_ClearPendingIRQ                          build/stm32f4xx_hal_cortex.o
HAL_NVIC_DisableIRQ                               build/stm32f4xx_hal_cortex.o
                                                  build/usbd_conf.o
HAL_NVIC_EnableIRQ                                build/stm32f4xx_hal_cortex.o
                                                  build/usbd_conf.o
HAL_NVIC_GetActive                                build/stm32f4xx_hal_cortex.o
HAL_NVIC_GetPendingIRQ                            build/stm32f4xx_hal_cortex.o
HAL_NVIC_GetPriority                              build/stm32f4xx_hal_cortex.o
HAL_NVIC_GetPriorityGrouping                      build/stm32f4xx_hal_cortex.o
HAL_NVIC_SetPendingIRQ                            build/stm32f4xx_hal_cortex.o
HAL_NVIC_SetPriority                              build/stm32f4xx_hal_cortex.o
                                                  build/stm32f4xx_hal.o
                                                  build/usbd_conf.o
HAL_NVIC_SetPriorityGrouping                      build/stm32f4xx_hal_cortex.o
                                                  build/stm32f4xx_hal.o
HAL_NVIC_SystemReset                              build/stm32f4xx_hal_cortex.o
HAL_PCDEx_BCD_Callback                            build/stm32f4xx_hal_pcd_ex.o
HAL_PCDEx_LPM_Callback                            build/stm32f4xx_hal_pcd_ex.o
                                                  build/stm32f4xx_hal_pcd.o
HAL_PCDEx_SetRxFiFo                               build/stm32f4xx_hal_pcd_ex.o
                                                  build/usbd_conf.o
HAL_PCDEx_SetTxFiFo                               build/stm32f4xx_hal_pcd_ex.o
                                                  build/usbd_conf.o
HAL_PCD_ActivateRemoteWakeup                      build/stm32f4xx_hal_pcd.o
HAL_PCD_ConnectCallback                           build/usbd_conf.o
HAL_PCD_DataInStageCallback                       build/usbd_conf.o
HAL_PCD_DataOutStageCallback                      build/usbd_conf.o
HAL_PCD_DeActivateRemoteWakeup                    build/stm32f4xx_hal_pcd.o
HAL_PCD_DeInit                                    build/stm32f4xx_hal_pcd.o
                                                  build/usbd_conf.o
HAL_PCD_DevConnect                                build/stm32f4xx_hal_pcd.o